Component: ARM Compiler 5.06 update 5 (build 528) Tool: armlink [4d35e2]

==============================================================================

Section Cross References

    system_stm32f0xx.o(i.SystemCoreClockUpdate) refers to uidiv.o(.text) for __aeabi_uidivmod
    system_stm32f0xx.o(i.SystemCoreClockUpdate) refers to system_stm32f0xx.o(.data) for .data
    system_stm32f0xx.o(i.SystemCoreClockUpdate) refers to system_stm32f0xx.o(.constdata) for .constdata
    stm32f0xx_hal_gpio.o(i.HAL_GPIO_EXTI_IRQHandler) refers to main.o(i.HAL_GPIO_EXTI_Callback) for HAL_GPIO_EXTI_Callback
    stm32f0xx_hal_pwr_ex.o(i.HAL_PWREx_Vddio2Monitor_IRQHandler) refers to stm32f0xx_hal_pwr_ex.o(i.HAL_PWREx_Vddio2MonitorCallback) for HAL_PWREx_Vddio2MonitorCallback
    stm32f0xx_hal_pwr_ex.o(i.HAL_PWR_PVD_IRQHandler) refers to stm32f0xx_hal_pwr_ex.o(i.HAL_PWR_PVDCallback) for HAL_PWR_PVDCallback
    stm32f0xx_hal_flash_ex.o(i.FLASH_MassErase) refers to stm32f0xx_hal_flash.o(.bss) for pFlash
    stm32f0xx_hal_flash_ex.o(i.FLASH_OB_DisableWRP) refers to stm32f0xx_hal_flash.o(i.FLASH_WaitForLastOperation) for FLASH_WaitForLastOperation
    stm32f0xx_hal_flash_ex.o(i.FLASH_OB_DisableWRP) refers to stm32f0xx_hal_flash_ex.o(i.HAL_FLASHEx_OBErase) for HAL_FLASHEx_OBErase
    stm32f0xx_hal_flash_ex.o(i.FLASH_OB_DisableWRP) refers to stm32f0xx_hal_flash.o(.bss) for pFlash
    stm32f0xx_hal_flash_ex.o(i.FLASH_OB_EnableWRP) refers to stm32f0xx_hal_flash.o(i.FLASH_WaitForLastOperation) for FLASH_WaitForLastOperation
    stm32f0xx_hal_flash_ex.o(i.FLASH_OB_EnableWRP) refers to stm32f0xx_hal_flash_ex.o(i.HAL_FLASHEx_OBErase) for HAL_FLASHEx_OBErase
    stm32f0xx_hal_flash_ex.o(i.FLASH_OB_EnableWRP) refers to stm32f0xx_hal_flash.o(.bss) for pFlash
    stm32f0xx_hal_flash_ex.o(i.FLASH_OB_RDP_LevelConfig) refers to stm32f0xx_hal_flash.o(i.FLASH_WaitForLastOperation) for FLASH_WaitForLastOperation
    stm32f0xx_hal_flash_ex.o(i.FLASH_OB_RDP_LevelConfig) refers to stm32f0xx_hal_flash.o(.bss) for pFlash
    stm32f0xx_hal_flash_ex.o(i.FLASH_PageErase) refers to stm32f0xx_hal_flash.o(.bss) for pFlash
    stm32f0xx_hal_flash_ex.o(i.HAL_FLASHEx_Erase) refers to stm32f0xx_hal_flash.o(i.FLASH_WaitForLastOperation) for FLASH_WaitForLastOperation
    stm32f0xx_hal_flash_ex.o(i.HAL_FLASHEx_Erase) refers to stm32f0xx_hal_flash_ex.o(i.FLASH_MassErase) for FLASH_MassErase
    stm32f0xx_hal_flash_ex.o(i.HAL_FLASHEx_Erase) refers to stm32f0xx_hal_flash_ex.o(i.FLASH_PageErase) for FLASH_PageErase
    stm32f0xx_hal_flash_ex.o(i.HAL_FLASHEx_Erase) refers to stm32f0xx_hal_flash.o(.bss) for pFlash
    stm32f0xx_hal_flash_ex.o(i.HAL_FLASHEx_Erase_IT) refers to stm32f0xx_hal_flash_ex.o(i.FLASH_PageErase) for FLASH_PageErase
    stm32f0xx_hal_flash_ex.o(i.HAL_FLASHEx_Erase_IT) refers to stm32f0xx_hal_flash_ex.o(i.FLASH_MassErase) for FLASH_MassErase
    stm32f0xx_hal_flash_ex.o(i.HAL_FLASHEx_Erase_IT) refers to stm32f0xx_hal_flash.o(.bss) for pFlash
    stm32f0xx_hal_flash_ex.o(i.HAL_FLASHEx_OBErase) refers to stm32f0xx_hal_flash_ex.o(i.FLASH_OB_GetRDP) for FLASH_OB_GetRDP
    stm32f0xx_hal_flash_ex.o(i.HAL_FLASHEx_OBErase) refers to stm32f0xx_hal_flash.o(i.FLASH_WaitForLastOperation) for FLASH_WaitForLastOperation
    stm32f0xx_hal_flash_ex.o(i.HAL_FLASHEx_OBErase) refers to stm32f0xx_hal_flash_ex.o(i.FLASH_OB_RDP_LevelConfig) for FLASH_OB_RDP_LevelConfig
    stm32f0xx_hal_flash_ex.o(i.HAL_FLASHEx_OBErase) refers to stm32f0xx_hal_flash.o(.bss) for pFlash
    stm32f0xx_hal_flash_ex.o(i.HAL_FLASHEx_OBGetConfig) refers to stm32f0xx_hal_flash_ex.o(i.FLASH_OB_GetRDP) for FLASH_OB_GetRDP
    stm32f0xx_hal_flash_ex.o(i.HAL_FLASHEx_OBProgram) refers to stm32f0xx_hal_flash_ex.o(i.FLASH_OB_DisableWRP) for FLASH_OB_DisableWRP
    stm32f0xx_hal_flash_ex.o(i.HAL_FLASHEx_OBProgram) refers to stm32f0xx_hal_flash_ex.o(i.FLASH_OB_EnableWRP) for FLASH_OB_EnableWRP
    stm32f0xx_hal_flash_ex.o(i.HAL_FLASHEx_OBProgram) refers to stm32f0xx_hal_flash_ex.o(i.FLASH_OB_RDP_LevelConfig) for FLASH_OB_RDP_LevelConfig
    stm32f0xx_hal_flash_ex.o(i.HAL_FLASHEx_OBProgram) refers to stm32f0xx_hal_flash.o(i.FLASH_WaitForLastOperation) for FLASH_WaitForLastOperation
    stm32f0xx_hal_flash_ex.o(i.HAL_FLASHEx_OBProgram) refers to stm32f0xx_hal_flash.o(.bss) for pFlash
    stm32f0xx_hal_spi.o(i.HAL_SPI_Abort) refers to uidiv.o(.text) for __aeabi_uidivmod
    stm32f0xx_hal_spi.o(i.HAL_SPI_Abort) refers to stm32f0xx_hal_dma.o(i.HAL_DMA_Abort) for HAL_DMA_Abort
    stm32f0xx_hal_spi.o(i.HAL_SPI_Abort) refers to stm32f0xx_hal.o(i.HAL_GetTick) for HAL_GetTick
    stm32f0xx_hal_spi.o(i.HAL_SPI_Abort) refers to stm32f0xx_hal_spi.o(i.SPI_EndRxTxTransaction) for SPI_EndRxTxTransaction
    stm32f0xx_hal_spi.o(i.HAL_SPI_Abort) refers to stm32f0xx_hal_spi.o(i.SPI_WaitFifoStateUntilTimeout) for SPI_WaitFifoStateUntilTimeout
    stm32f0xx_hal_spi.o(i.HAL_SPI_Abort) refers to stm32f0xx_hal_spi.o(i.SPI_WaitFlagStateUntilTimeout) for SPI_WaitFlagStateUntilTimeout
[...]
    Removing stm32f0xx_hal_uart.o(i.HAL_UART_GetState), (12 bytes).
    Removing stm32f0xx_hal_uart.o(i.HAL_UART_MspDeInit), (2 bytes).
    Removing stm32f0xx_hal_uart.o(i.HAL_UART_MspInit), (2 bytes).
    Removing stm32f0xx_hal_uart.o(i.HAL_UART_Receive), (256 bytes).
    Removing stm32f0xx_hal_uart.o(i.HAL_UART_Receive_DMA), (164 bytes).
    Removing stm32f0xx_hal_uart.o(i.HAL_UART_RxCpltCallback), (2 bytes).
    Removing stm32f0xx_hal_uart.o(i.HAL_UART_RxHalfCpltCallback), (2 bytes).
    Removing stm32f0xx_hal_uart.o(i.HAL_UART_Transmit_DMA), (152 bytes).
    Removing stm32f0xx_hal_uart.o(i.HAL_UART_Transmit_IT), (88 bytes).
    Removing stm32f0xx_hal_uart.o(i.HAL_UART_TxHalfCpltCallback), (2 bytes).
    Removing stm32f0xx_hal_uart.o(i.UART_DMAError), (74 bytes).
    Removing stm32f0xx_hal_uart.o(i.UART_DMAReceiveCplt), (64 bytes).
    Removing stm32f0xx_hal_uart.o(i.UART_DMARxAbortCallback), (54 bytes).
    Removing stm32f0xx_hal_uart.o(i.UART_DMARxHalfCplt), (10 bytes).
    Removing stm32f0xx_hal_uart.o(i.UART_DMARxOnlyAbortCallback), (28 bytes).
    Removing stm32f0xx_hal_uart.o(i.UART_DMATransmitCplt), (48 bytes).
    Removing stm32f0xx_hal_uart.o(i.UART_DMATxAbortCallback), (54 bytes).
    Removing stm32f0xx_hal_uart.o(i.UART_DMATxHalfCplt), (10 bytes).
    Removing stm32f0xx_hal_uart.o(i.UART_DMATxOnlyAbortCallback), (22 bytes).
    Removing stm32f0xx_hal_uart.o(i.UART_EndTxTransfer), (18 bytes).
    Removing stm32f0xx_hal_uart_ex.o(.rev16_text), (4 bytes).
    Removing stm32f0xx_hal_uart_ex.o(.revsh_text), (4 bytes).
    Removing stm32f0xx_hal_uart_ex.o(i.HAL_LIN_Init), (146 bytes).
    Removing stm32f0xx_hal_uart_ex.o(i.HAL_LIN_SendBreak), (42 bytes).
    Removing stm32f0xx_hal_uart_ex.o(i.HAL_MultiProcessorEx_AddressLength_Set), (54 bytes).
    Removing stm32f0xx_hal_uart_ex.o(i.HAL_RS485Ex_Init), (144 bytes).
    Removing stm32f0xx_hal_uart_ex.o(i.HAL_UARTEx_DisableStopMode), (42 bytes).
    Removing stm32f0xx_hal_uart_ex.o(i.HAL_UARTEx_EnableStopMode), (42 bytes).
    Removing stm32f0xx_hal_uart_ex.o(i.HAL_UARTEx_StopModeWakeUpSourceConfig), (152 bytes).
    Removing main.o(.rev16_text), (4 bytes).
    Removing main.o(.revsh_text), (4 bytes).
    Removing main.o(i._Error_Handler), (2 bytes).
    Removing main.o(.bss), (100 bytes).
    Removing main.o(.data), (4 bytes).
    Removing main.o(.data), (4 bytes).
    Removing main.o(.data), (1 bytes).
    Removing main.o(.data), (1 bytes).
    Removing stm32f0xx_it.o(.rev16_text), (4 bytes).
    Removing stm32f0xx_it.o(.revsh_text), (4 bytes).
    Removing stm32f0xx_hal_msp.o(.rev16_text), (4 bytes).
    Removing stm32f0xx_hal_msp.o(.revsh_text), (4 bytes).
    Removing stm32f0xx_hal_msp.o(i.HAL_SPI_MspDeInit), (52 bytes).
    Removing stm32f0xx_hal_msp.o(i.HAL_UART_MspDeInit), (52 bytes).
    Removing dwm1000.o(.rev16_text), (4 bytes).
    Removing dwm1000.o(.revsh_text), (4 bytes).
    Removing dwm1000.o(i.DWM_Enable_Rx), (48 bytes).
    Removing eventrecorder.o(.rev16_text), (4 bytes).
    Removing eventrecorder.o(.revsh_text), (4 bytes).
    Removing eventrecorder.o(i.EventRecord2), (58 bytes).
    Removing eventrecorder.o(i.EventRecord4), (100 bytes).
    Removing eventrecorder.o(i.EventRecorderDisable), (84 bytes).
    Removing eventrecorder.o(i.EventRecorderStart), (44 bytes).
    Removing eventrecorder.o(i.EventRecorderStop), (44 bytes).
    Removing retarget_io.o(i.__aeabi_assert), (140 bytes).
    Removing retarget_io.o(i.__backspace), (6 bytes).
    Removing retarget_io.o(i.abort), (2 bytes).
    Removing retarget_io.o(i.fgetc), (6 bytes).
    Removing cdcmple.o(.text), (40 bytes).

351 unused section(s) (total 22828 bytes) removed from the image.

==============================================================================

Image Symbol Table

    Local Symbols

    Symbol Name                              Value     Ov Type        Size  Object(Section)

    ../Drivers/STM32F0xx_HAL_Driver/Src/stm32f0xx_hal.c 0x00000000   Number         0  stm32f0xx_hal.o ABSOLUTE
    ../Drivers/STM32F0xx_HAL_Driver/Src/stm32f0xx_hal_cortex.c 0x00000000   Number         0  stm32f0xx_hal_cortex.o ABSOLUTE
    ../Drivers/STM32F0xx_HAL_Driver/Src/stm32f0xx_hal_dma.c 0x00000000   Number         0  stm32f0xx_hal_dma.o ABSOLUTE
    ../Drivers/STM32F0xx_HAL_Driver/Src/stm32f0xx_hal_flash.c 0x00000000   Number         0  stm32f0xx_hal_flash.o ABSOLUTE
    ../Drivers/STM32F0xx_HAL_Driver/Src/stm32f0xx_hal_flash_ex.c 0x00000000   Number         0  stm32f0xx_hal_flash_ex.o ABSOLUTE
    ../Drivers/STM32F0xx_HAL_Driver/Src/stm32f0xx_hal_gpio.c 0x00000000   Number         0  stm32f0xx_hal_gpio.o ABSOLUTE
    ../Drivers/STM32F0xx_HAL_Driver/Src/stm32f0xx_hal_i2c.c 0x00000000   Number         0  stm32f0xx_hal_i2c.o ABSOLUTE
    ../Drivers/STM32F0xx_HAL_Driver/Src/stm32f0xx_hal_i2c_ex.c 0x00000000   Number         0  stm32f0xx_hal_i2c_ex.o ABSOLUTE
    ../Drivers/STM32F0xx_HAL_Driver/Src/stm32f0xx_hal_pwr.c 0x00000000   Number         0  stm32f0xx_hal_pwr.o ABSOLUTE
    ../Drivers/STM32F0xx_HAL_Driver/Src/stm32f0xx_hal_pwr_ex.c 0x00000000   Number         0  stm32f0xx_hal_pwr_ex.o ABSOLUTE
    ../Drivers/STM32F0xx_HAL_Driver/Src/stm32f0xx_hal_rcc.c 0x00000000   Number         0  stm32f0xx_hal_rcc.o ABSOLUTE
    ../Drivers/STM32F0xx_HAL_Driver/Src/stm32f0xx_hal_rcc_ex.c 0x00000000   Number         0  stm32f0xx_hal_rcc_ex.o ABSOLUTE
    ../Drivers/STM32F0xx_HAL_Driver/Src/stm32f0xx_hal_spi.c 0x00000000   Number         0  stm32f0xx_hal_spi.o ABSOLUTE
    ../Drivers/STM32F0xx_HAL_Driver/Src/stm32f0xx_hal_spi_ex.c 0x00000000   Number         0  stm32f0xx_hal_spi_ex.o ABSOLUTE
    ../Drivers/STM32F0xx_HAL_Driver/Src/stm32f0xx_hal_tim.c 0x00000000   Number         0  stm32f0xx_hal_tim.o ABSOLUTE
    ../Drivers/STM32F0xx_HAL_Driver/Src/stm32f0xx_hal_tim_ex.c 0x00000000   Number         0  stm32f0xx_hal_tim_ex.o ABSOLUTE
    ../Drivers/STM32F0xx_HAL_Driver/Src/stm32f0xx_hal_uart.c 0x00000000   Number         0  stm32f0xx_hal_uart.o ABSOLUTE
    ../Drivers/STM32F0xx_HAL_Driver/Src/stm32f0xx_hal_uart_ex.c 0x00000000   Number         0  stm32f0xx_hal_uart_ex.o ABSOLUTE
    ../Src/main.c                            0x00000000   Number         0  main.o ABSOLUTE
    ../Src/stm32f0xx_hal_msp.c               0x00000000   Number         0  stm32f0xx_hal_msp.o ABSOLUTE
    ../Src/stm32f0xx_it.c                    0x00000000   Number         0  stm32f0xx_it.o ABSOLUTE
    ../Src/system_stm32f0xx.c                0x00000000   Number         0  system_stm32f0xx.o ABSOLUTE
    ../clib/microlib/division.c              0x00000000   Number         0  uldiv.o ABSOLUTE
    ../clib/microlib/division.c              0x00000000   Number         0  uidiv.o ABSOLUTE
    ../clib/microlib/division.c              0x00000000   Number         0  idiv.o ABSOLUTE
    ../clib/microlib/errno.c                 0x00000000   Number         0  errno.o ABSOLUTE
    ../clib/microlib/init/entry.s            0x00000000   Number         0  entry8b.o ABSOLUTE
    ../clib/microlib/init/entry.s            0x00000000   Number         0  entry8a.o ABSOLUTE
    ../clib/microlib/init/entry.s            0x00000000   Number         0  entry.o ABSOLUTE
    ../clib/microlib/init/entry.s            0x00000000   Number         0  entry7b.o ABSOLUTE
    ../clib/microlib/init/entry.s            0x00000000   Number         0  entry7a.o ABSOLUTE
    ../clib/microlib/init/entry.s            0x00000000   Number         0  entry2.o ABSOLUTE
    ../clib/microlib/init/entry.s            0x00000000   Number         0  entry5.o ABSOLUTE
    ../clib/microlib/init/entry.s            0x00000000   Number         0  entry9a.o ABSOLUTE
    ../clib/microlib/init/entry.s            0x00000000   Number         0  entry11b.o ABSOLUTE
    ../clib/microlib/init/entry.s            0x00000000   Number         0  entry10b.o ABSOLUTE
    ../clib/microlib/init/entry.s            0x00000000   Number         0  entry11a.o ABSOLUTE
    ../clib/microlib/init/entry.s            0x00000000   Number         0  entry10a.o ABSOLUTE
    ../clib/microlib/init/entry.s            0x00000000   Number         0  entry9b.o ABSOLUTE
    ../clib/microlib/longlong.c              0x00000000   Number         0  llsshr.o ABSOLUTE
    ../clib/microlib/longlong.c              0x00000000   Number         0  llshl.o ABSOLUTE
    ../clib/microlib/longlong.c              0x00000000   Number         0  llushr.o ABSOLUTE
    ../clib/microlib/malloc/malloc.c         0x00000000   Number         0  mallocr.o ABSOLUTE
    ../clib/microlib/malloc/malloc.c         0x00000000   Number         0  malloca.o ABSOLUTE
    ../clib/microlib/malloc/malloc.c         0x00000000   Number         0  mallocra.o ABSOLUTE
    ../clib/microlib/malloc/malloc.c         0x00000000   Number         0  malloc.o ABSOLUTE
    ../clib/microlib/malloc/mvars.c          0x00000000   Number         0  mvars.o ABSOLUTE
    ../clib/microlib/printf/printf.c         0x00000000   Number         0  printf0.o ABSOLUTE
    ../clib/microlib/printf/printf.c         0x00000000   Number         0  printfa.o ABSOLUTE
    ../clib/microlib/printf/printf.c         0x00000000   Number         0  printf5.o ABSOLUTE
    ../clib/microlib/printf/printf.c         0x00000000   Number         0  printfb.o ABSOLUTE
    ../clib/microlib/printf/printf.c         0x00000000   Number         0  printf2.o ABSOLUTE
    ../clib/microlib/printf/printf.c         0x00000000   Number         0  printf6.o ABSOLUTE
    ../clib/microlib/printf/printf.c         0x00000000   Number         0  printf4.o ABSOLUTE
    ../clib/microlib/printf/printf.c         0x00000000   Number         0  printf7.o ABSOLUTE
    ../clib/microlib/printf/printf.c         0x00000000   Number         0  printf1.o ABSOLUTE
    ../clib/microlib/printf/printf.c         0x00000000   Number         0  printf8.o ABSOLUTE
    ../clib/microlib/printf/printf.c         0x00000000   Number         0  printf3.o ABSOLUTE
    ../clib/microlib/printf/stubs.s          0x00000000   Number         0  stubs.o ABSOLUTE
    ../clib/microlib/stdio/fputs.c           0x00000000   Number         0  fputs.o ABSOLUTE
    ../clib/microlib/stdio/fputs.c           0x00000000   Number         0  fputs_e.o ABSOLUTE
    ../clib/microlib/stdio/streams.c         0x00000000   Number         0  stderr.o ABSOLUTE
    ../clib/microlib/stdio/streams.c         0x00000000   Number         0  stdout.o ABSOLUTE
    ../clib/microlib/string/memcpy.c         0x00000000   Number         0  memcpyb.o ABSOLUTE
    ../clib/microlib/string/memcpy.c         0x00000000   Number         0  memcpya.o ABSOLUTE
    ../clib/microlib/string/memset.c         0x00000000   Number         0  memseta.o ABSOLUTE
    ../clib/microlib/stubs.s                 0x00000000   Number         0  iusefp.o ABSOLUTE
    ../clib/microlib/unhosted.c              0x00000000   Number         0  uread4.o ABSOLUTE
    ../fplib/microlib/d2f.c                  0x00000000   Number         0  d2f.o ABSOLUTE
    ../fplib/microlib/f2d.c                  0x00000000   Number         0  f2d.o ABSOLUTE
    ../fplib/microlib/fpadd.c                0x00000000   Number         0  fadd.o ABSOLUTE
    ../fplib/microlib/fpadd.c                0x00000000   Number         0  dadd.o ABSOLUTE
    ../fplib/microlib/fpdiv.c                0x00000000   Number         0  ddiv.o ABSOLUTE
    ../fplib/microlib/fpdiv.c                0x00000000   Number         0  fdiv.o ABSOLUTE
    ../fplib/microlib/fpepilogue.c           0x00000000   Number         0  depilogue.o ABSOLUTE
    ../fplib/microlib/fpepilogue.c           0x00000000   Number         0  fepilogue.o ABSOLUTE
    ../fplib/microlib/fpfix.c                0x00000000   Number         0  ffixi.o ABSOLUTE
    ../fplib/microlib/fpfix.c                0x00000000   Number         0  dfixul.o ABSOLUTE
    ../fplib/microlib/fpfix.c                0x00000000   Number         0  dfixi.o ABSOLUTE
    ../fplib/microlib/fpflt.c                0x00000000   Number         0  dflti.o ABSOLUTE
    ../fplib/microlib/fpflt.c                0x00000000   Number         0  fflti.o ABSOLUTE
    ../fplib/microlib/fpflt.c                0x00000000   Number         0  dfltul.o ABSOLUTE
    ../fplib/microlib/fpmul.c                0x00000000   Number         0  dmul.o ABSOLUTE
    ../fplib/microlib/fpmul.c                0x00000000   Number         0  fmul.o ABSOLUTE
    ../fplib/microlib/fpscalb.c              0x00000000   Number         0  dscalb.o ABSOLUTE
    ../fplib/microlib/fpscalb.c              0x00000000   Number         0  fscalb.o ABSOLUTE
    ../fplib/microlib/fpsqrt.c               0x00000000   Number         0  dsqrt.o ABSOLUTE
    ../mathlib/dunder.c                      0x00000000   Number         0  dunder.o ABSOLUTE
    ../mathlib/fpclassify.c                  0x00000000   Number         0  fpclassify.o ABSOLUTE
    ../mathlib/poly.c                        0x00000000   Number         0  poly.o ABSOLUTE
    ../mathlib/pow.c                         0x00000000   Number         0  pow_x.o ABSOLUTE
    ../mathlib/pow.c                         0x00000000   Number         0  pow.o ABSOLUTE
    ../mathlib/qnan.c                        0x00000000   Number         0  qnan.o ABSOLUTE
    ../mathlib/sqrt.c                        0x00000000   Number         0  sqrt_x.o ABSOLUTE
    ../mathlib/sqrt.c                        0x00000000   Number         0  sqrt.o ABSOLUTE
    ..\Drivers\STM32F0xx_HAL_Driver\Src\stm32f0xx_hal.c 0x00000000   Number         0  stm32f0xx_hal.o ABSOLUTE
    ..\Drivers\STM32F0xx_HAL_Driver\Src\stm32f0xx_hal_cortex.c 0x00000000   Number         0  stm32f0xx_hal_cortex.o ABSOLUTE
    ..\Drivers\STM32F0xx_HAL_Driver\Src\stm32f0xx_hal_dma.c 0x00000000   Number         0  stm32f0xx_hal_dma.o ABSOLUTE
    ..\Drivers\STM32F0xx_HAL_Driver\Src\stm32f0xx_hal_flash.c 0x00000000   Number         0  stm32f0xx_hal_flash.o ABSOLUTE
    ..\Drivers\STM32F0xx_HAL_Driver\Src\stm32f0xx_hal_flash_ex.c 0x00000000   Number         0  stm32f0xx_hal_flash_ex.o ABSOLUTE
    ..\Drivers\STM32F0xx_HAL_Driver\Src\stm32f0xx_hal_gpio.c 0x00000000   Number         0  stm32f0xx_hal_gpio.o ABSOLUTE
    ..\Drivers\STM32F0xx_HAL_Driver\Src\stm32f0xx_hal_i2c.c 0x00000000   Number         0  stm32f0xx_hal_i2c.o ABSOLUTE
    ..\Drivers\STM32F0xx_HAL_Driver\Src\stm32f0xx_hal_i2c_ex.c 0x00000000   Number         0  stm32f0xx_hal_i2c_ex.o ABSOLUTE
    ..\Drivers\STM32F0xx_HAL_Driver\Src\stm32f0xx_hal_pwr.c 0x00000000   Number         0  stm32f0xx_hal_pwr.o ABSOLUTE
    ..\Drivers\STM32F0xx_HAL_Driver\Src\stm32f0xx_hal_pwr_ex.c 0x00000000   Number         0  stm32f0xx_hal_pwr_ex.o ABSOLUTE
    ..\Drivers\STM32F0xx_HAL_Driver\Src\stm32f0xx_hal_rcc.c 0x00000000   Number         0  stm32f0xx_hal_rcc.o ABSOLUTE
    ..\Drivers\STM32F0xx_HAL_Driver\Src\stm32f0xx_hal_rcc_ex.c 0x00000000   Number         0  stm32f0xx_hal_rcc_ex.o ABSOLUTE
    ..\Drivers\STM32F0xx_HAL_Driver\Src\stm32f0xx_hal_spi.c 0x00000000   Number         0  stm32f0xx_hal_spi.o ABSOLUTE
    ..\Drivers\STM32F0xx_HAL_Driver\Src\stm32f0xx_hal_spi_ex.c 0x00000000   Number         0  stm32f0xx_hal_spi_ex.o ABSOLUTE
    ..\Drivers\STM32F0xx_HAL_Driver\Src\stm32f0xx_hal_tim.c 0x00000000   Number         0  stm32f0xx_hal_tim.o ABSOLUTE
    ..\Drivers\STM32F0xx_HAL_Driver\Src\stm32f0xx_hal_tim_ex.c 0x00000000   Number         0  stm32f0xx_hal_tim_ex.o ABSOLUTE
    ..\Drivers\STM32F0xx_HAL_Driver\Src\stm32f0xx_hal_uart.c 0x00000000   Number         0  stm32f0xx_hal_uart.o ABSOLUTE
    ..\Drivers\STM32F0xx_HAL_Driver\Src\stm32f0xx_hal_uart_ex.c 0x00000000   Number         0  stm32f0xx_hal_uart_ex.o ABSOLUTE
    ..\Src\dwm1000.c                         0x00000000   Number         0  dwm1000.o ABSOLUTE
    ..\Src\main.c                            0x00000000   Number         0  main.o ABSOLUTE
    ..\Src\stm32f0xx_hal_msp.c               0x00000000   Number         0  stm32f0xx_hal_msp.o ABSOLUTE
    ..\Src\stm32f0xx_it.c                    0x00000000   Number         0  stm32f0xx_it.o ABSOLUTE
    ..\Src\system_stm32f0xx.c                0x00000000   Number         0  system_stm32f0xx.o ABSOLUTE
    ..\\Src\\dwm1000.c                       0x00000000   Number         0  dwm1000.o ABSOLUTE
    C:\Keil_v5\ARM\PACK\Keil\ARM_Compiler\1.3.1\Source\EventRecorder.c 0x00000000   Number         0  eventrecorder.o ABSOLUTE
    C:\Keil_v5\ARM\PACK\Keil\ARM_Compiler\1.3.1\Source\retarget_io.c 0x00000000   Number         0  retarget_io.o ABSOLUTE
    C:\\Keil_v5\\ARM\\PACK\\Keil\\ARM_Compiler\\1.3.1\\Source\\EventRecorder.c 0x00000000   Number         0  eventrecorder.o ABSOLUTE
    cdcmple.s                                0x00000000   Number         0  cdcmple.o ABSOLUTE
    cdrcmple.s                               0x00000000   Number         0  cdrcmple.o ABSOLUTE
    dc.s                                     0x00000000   Number         0  dc.o ABSOLUTE
    handlers.s                               0x00000000   Number         0  handlers.o ABSOLUTE
    init.s                                   0x00000000   Number         0  init.o ABSOLUTE
    startup_stm32f072xb.s                    0x00000000   Number         0  startup_stm32f072xb.o ABSOLUTE
    RESET                                    0x08000000   Section      192  startup_stm32f072xb.o(RESET)
    .ARM.Collect$$$$00000000                 0x080000c0   Section        0  entry.o(.ARM.Collect$$$$00000000)
    .ARM.Collect$$$$00000001                 0x080000c0   Section        4  entry2.o(.ARM.Collect$$$$00000001)
    .ARM.Collect$$$$00000004                 0x080000c4   Section        4  entry5.o(.ARM.Collect$$$$00000004)
    .ARM.Collect$$$$00000008                 0x080000c8   Section        0  entry7b.o(.ARM.Collect$$$$00000008)
    .ARM.Collect$$$$0000000A                 0x080000c8   Section        0  entry8b.o(.ARM.Collect$$$$0000000A)
    .ARM.Collect$$$$0000000B                 0x080000c8   Section        8  entry9a.o(.ARM.Collect$$$$0000000B)
    .ARM.Collect$$$$0000000D                 0x080000d0   Section        0  entry10a.o(.ARM.Collect$$$$0000000D)
    .ARM.Collect$$$$0000000F                 0x080000d0   Section        0  entry11a.o(.ARM.Collect$$$$0000000F)
    .ARM.Collect$$$$00002712                 0x080000d0   Section        4  entry2.o(.ARM.Collect$$$$00002712)
    __lit__00000000                          0x080000d0   Data           4  entry2.o(.ARM.Collect$$$$00002712)
    .text                                    0x080000d4   Section       28  startup_stm32f072xb.o(.text)
    .text                                    0x080000f0   Section        0  uidiv.o(.text)
    .text                                    0x0800011c   Section        0  idiv.o(.text)
    .text                                    0x08000144   Section        0  llushr.o(.text)
    .text                                    0x08000166   Section        0  memcpya.o(.text)
    .text                                    0x0800018a   Section        0  memseta.o(.text)
    .text                                    0x080001ae   Section        0  uread4.o(.text)
    .text                                    0x080001c2   Section        0  fadd.o(.text)
    .text                                    0x08000274   Section        0  fmul.o(.text)
    .text                                    0x080002ee   Section        0  fdiv.o(.text)
    .text                                    0x0800036a   Section        0  fscalb.o(.text)
    .text                                    0x08000384   Section        0  dadd.o(.text)
    .text                                    0x080004e8   Section        0  dmul.o(.text)
    .text                                    0x080005b8   Section        0  ddiv.o(.text)
    .text                                    0x080006a8   Section        0  dscalb.o(.text)
    .text                                    0x080006d4   Section        0  fflti.o(.text)
    .text                                    0x080006ec   Section        0  dflti.o(.text)
    .text                                    0x08000714   Section        0  dfltul.o(.text)
    .text                                    0x08000730   Section        0  ffixi.o(.text)
    .text                                    0x08000764   Section        0  dfixi.o(.text)
    .text                                    0x080007ac   Section        0  f2d.o(.text)
    .text                                    0x080007d4   Section        0  d2f.o(.text)
    .text                                    0x0800080c   Section        0  uldiv.o(.text)
    .text                                    0x0800086c   Section        0  llshl.o(.text)
    .text                                    0x0800088c   Section        0  llsshr.o(.text)
    .text                                    0x080008b2   Section        0  iusefp.o(.text)
    .text                                    0x080008b2   Section        0  fepilogue.o(.text)
    .text                                    0x08000934   Section        0  depilogue.o(.text)
    .text                                    0x080009f2   Section        0  dsqrt.o(.text)
    .text                                    0x08000a94   Section        0  dfixul.o(.text)
    .text                                    0x08000ad4   Section       40  cdrcmple.o(.text)
    .text                                    0x08000afc   Section       36  init.o(.text)
    i.DWM_Disable_Rx                         0x08000b20   Section        0  dwm1000.o(i.DWM_Disable_Rx)
    i.DWM_Init                               0x08000b48   Section        0  dwm1000.o(i.DWM_Init)
    i.DWM_ReadSPI_ext                        0x08000d04   Section        0  dwm1000.o(i.DWM_ReadSPI_ext)
    i.DWM_ReceiveData                        0x08000db8   Section        0  dwm1000.o(i.DWM_ReceiveData)
    i.DWM_SendData                           0x08000dec   Section        0  dwm1000.o(i.DWM_SendData)
    i.DWM_WriteSPI_ext                       0x08000e54   Section        0  dwm1000.o(i.DWM_WriteSPI_ext)
    i.DWM_reset                              0x08000ee8   Section        0  dwm1000.o(i.DWM_reset)
    i.EXTI0_1_IRQHandler                     0x08001000   Section        0  stm32f0xx_it.o(i.EXTI0_1_IRQHandler)
    i.EXTI2_3_IRQHandler                     0x0800100c   Section        0  stm32f0xx_it.o(i.EXTI2_3_IRQHandler)
    i.EventCheckFilter                       0x08001024   Section        0  eventrecorder.o(i.EventCheckFilter)
    EventCheckFilter                         0x08001025   Thumb Code    34  eventrecorder.o(i.EventCheckFilter)
    i.EventGetTS                             0x0800104c   Section        0  eventrecorder.o(i.EventGetTS)
    EventGetTS                               0x0800104d   Thumb Code    42  eventrecorder.o(i.EventGetTS)
    i.EventRecordData                        0x0800107c   Section        0  eventrecorder.o(i.EventRecordData)
    i.EventRecordItem                        0x0800116c   Section        0  eventrecorder.o(i.EventRecordItem)
    EventRecordItem                          0x0800116d   Thumb Code   216  eventrecorder.o(i.EventRecordItem)
    i.EventRecorderEnable                    0x0800124c   Section        0  eventrecorder.o(i.EventRecorderEnable)
    i.EventRecorderInitialize                0x0800129c   Section        0  eventrecorder.o(i.EventRecorderInitialize)
    i.EventRecorderTimerGet                  0x08001380   Section        0  eventrecorder.o(i.EventRecorderTimerGet)
    i.EventRecorderTimerInit                 0x08001390   Section        0  eventrecorder.o(i.EventRecorderTimerInit)
    i.GetContext                             0x0800139c   Section        0  eventrecorder.o(i.GetContext)
    GetContext                               0x0800139d   Thumb Code    22  eventrecorder.o(i.GetContext)
    i.HAL_DMA_Abort_IT                       0x080013b8   Section        0  stm32f0xx_hal_dma.o(i.HAL_DMA_Abort_IT)
    i.HAL_Delay                              0x08001400   Section        0  stm32f0xx_hal.o(i.HAL_Delay)
    i.HAL_GPIO_EXTI_Callback                 0x0800141c   Section        0  main.o(i.HAL_GPIO_EXTI_Callback)
    i.HAL_GPIO_EXTI_IRQHandler               0x080014d0   Section        0  stm32f0xx_hal_gpio.o(i.HAL_GPIO_EXTI_IRQHandler)
    i.HAL_GPIO_Init                          0x080014e8   Section        0  stm32f0xx_hal_gpio.o(i.HAL_GPIO_Init)
    i.HAL_GPIO_TogglePin                     0x08001640   Section        0  stm32f0xx_hal_gpio.o(i.HAL_GPIO_TogglePin)
    i.HAL_GPIO_WritePin                      0x08001648   Section        0  stm32f0xx_hal_gpio.o(i.HAL_GPIO_WritePin)
    i.HAL_GetTick                            0x08001654   Section        0  stm32f0xx_hal.o(i.HAL_GetTick)
    i.HAL_IncTick                            0x08001660   Section        0  stm32f0xx_hal.o(i.HAL_IncTick)
    i.HAL_Init                               0x08001670   Section        0  stm32f0xx_hal.o(i.HAL_Init)
    i.HAL_InitTick                           0x08001690   Section        0  stm32f0xx_hal.o(i.HAL_InitTick)
    i.HAL_MspInit                            0x080016b4   Section        0  stm32f0xx_hal_msp.o(i.HAL_MspInit)
    i.HAL_NVIC_EnableIRQ                     0x080016ec   Section        0  stm32f0xx_hal_cortex.o(i.HAL_NVIC_EnableIRQ)
    i.HAL_NVIC_SetPriority                   0x08001700   Section        0  stm32f0xx_hal_cortex.o(i.HAL_NVIC_SetPriority)
    i.HAL_RCCEx_PeriphCLKConfig              0x08001708   Section        0  stm32f0xx_hal_rcc_ex.o(i.HAL_RCCEx_PeriphCLKConfig)
    i.HAL_RCC_ClockConfig                    0x08001828   Section        0  stm32f0xx_hal_rcc.o(i.HAL_RCC_ClockConfig)
    i.HAL_RCC_GetHCLKFreq                    0x0800197c   Section        0  stm32f0xx_hal_rcc.o(i.HAL_RCC_GetHCLKFreq)
    i.HAL_RCC_GetPCLK1Freq                   0x08001988   Section        0  stm32f0xx_hal_rcc.o(i.HAL_RCC_GetPCLK1Freq)
    i.HAL_RCC_GetSysClockFreq                0x080019a8   Section        0  stm32f0xx_hal_rcc.o(i.HAL_RCC_GetSysClockFreq)
    i.HAL_RCC_OscConfig                      0x08001a30   Section        0  stm32f0xx_hal_rcc.o(i.HAL_RCC_OscConfig)
    i.HAL_SPI_Init                           0x08001e08   Section        0  stm32f0xx_hal_spi.o(i.HAL_SPI_Init)
    i.HAL_SPI_MspInit                        0x08001ec0   Section        0  stm32f0xx_hal_msp.o(i.HAL_SPI_MspInit)
    i.HAL_SPI_Transmit                       0x08001f1c   Section        0  stm32f0xx_hal_spi.o(i.HAL_SPI_Transmit)
    i.HAL_SPI_TransmitReceive                0x0800208c   Section        0  stm32f0xx_hal_spi.o(i.HAL_SPI_TransmitReceive)
    i.HAL_SYSTICK_CLKSourceConfig            0x080022d4   Section        0  stm32f0xx_hal_cortex.o(i.HAL_SYSTICK_CLKSourceConfig)
    i.HAL_SYSTICK_Callback                   0x080022ec   Section        0  stm32f0xx_hal_cortex.o(i.HAL_SYSTICK_Callback)
    i.HAL_SYSTICK_Config                     0x080022f0   Section        0  stm32f0xx_hal_cortex.o(i.HAL_SYSTICK_Config)
    i.HAL_SYSTICK_IRQHandler                 0x08002320   Section        0  stm32f0xx_hal_cortex.o(i.HAL_SYSTICK_IRQHandler)
    i.HAL_UARTEx_WakeupCallback              0x08002328   Section        0  stm32f0xx_hal_uart_ex.o(i.HAL_UARTEx_WakeupCallback)
    i.HAL_UART_ErrorCallback                 0x0800232a   Section        0  stm32f0xx_hal_uart.o(i.HAL_UART_ErrorCallback)
    i.HAL_UART_IRQHandler                    0x0800232c   Section        0  stm32f0xx_hal_uart.o(i.HAL_UART_IRQHandler)
    i.HAL_UART_Init                          0x08002460   Section        0  stm32f0xx_hal_uart.o(i.HAL_UART_Init)
    i.HAL_UART_MspInit                       0x080024cc   Section        0  stm32f0xx_hal_msp.o(i.HAL_UART_MspInit)
    i.HAL_UART_Receive_IT                    0x08002524   Section        0  stm32f0xx_hal_uart.o(i.HAL_UART_Receive_IT)
    i.HAL_UART_RxCpltCallback                0x080025c4   Section        0  main.o(i.HAL_UART_RxCpltCallback)
    i.HAL_UART_Transmit                      0x080025f8   Section        0  stm32f0xx_hal_uart.o(i.HAL_UART_Transmit)
    i.HAL_UART_TxCpltCallback                0x080026c0   Section        0  stm32f0xx_hal_uart.o(i.HAL_UART_TxCpltCallback)
    i.MX_GPIO_Init                           0x080026c4   Section        0  main.o(i.MX_GPIO_Init)
    MX_GPIO_Init                             0x080026c5   Thumb Code   288  main.o(i.MX_GPIO_Init)
    i.MX_SPI1_Init                           0x08002800   Section        0  main.o(i.MX_SPI1_Init)
    MX_SPI1_Init                             0x08002801   Thumb Code    64  main.o(i.MX_SPI1_Init)
    i.MX_USART1_UART_Init                    0x08002848   Section        0  main.o(i.MX_USART1_UART_Init)
    MX_USART1_UART_Init                      0x08002849   Thumb Code    46  main.o(i.MX_USART1_UART_Init)
    i.NVIC_SetPriority                       0x08002880   Section        0  stm32f0xx_hal_cortex.o(i.NVIC_SetPriority)
    NVIC_SetPriority                         0x08002881   Thumb Code    60  stm32f0xx_hal_cortex.o(i.NVIC_SetPriority)
    i.SPI_EndRxTxTransaction                 0x080028c4   Section        0  stm32f0xx_hal_spi.o(i.SPI_EndRxTxTransaction)
    SPI_EndRxTxTransaction                   0x080028c5   Thumb Code    76  stm32f0xx_hal_spi.o(i.SPI_EndRxTxTransaction)
    i.SPI_WaitFifoStateUntilTimeout          0x08002910   Section        0  stm32f0xx_hal_spi.o(i.SPI_WaitFifoStateUntilTimeout)
    SPI_WaitFifoStateUntilTimeout            0x08002911   Thumb Code   150  stm32f0xx_hal_spi.o(i.SPI_WaitFifoStateUntilTimeout)
    i.SPI_WaitFlagStateUntilTimeout          0x080029a6   Section        0  stm32f0xx_hal_spi.o(i.SPI_WaitFlagStateUntilTimeout)
    SPI_WaitFlagStateUntilTimeout            0x080029a7   Thumb Code   140  stm32f0xx_hal_spi.o(i.SPI_WaitFlagStateUntilTimeout)
    i.SysTick_Handler                        0x08002a32   Section        0  stm32f0xx_it.o(i.SysTick_Handler)
    i.SystemClock_Config                     0x08002a3e   Section        0  main.o(i.SystemClock_Config)
    i.SystemInit                             0x08002ab8   Section        0  system_stm32f0xx.o(i.SystemInit)
    i.UART_AdvFeatureConfig                  0x08002b14   Section        0  stm32f0xx_hal_uart.o(i.UART_AdvFeatureConfig)
    i.UART_CheckIdleState                    0x08002be0   Section        0  stm32f0xx_hal_uart.o(i.UART_CheckIdleState)
    i.UART_DMAAbortOnError                   0x08002c54   Section        0  stm32f0xx_hal_uart.o(i.UART_DMAAbortOnError)
    UART_DMAAbortOnError                     0x08002c55   Thumb Code    20  stm32f0xx_hal_uart.o(i.UART_DMAAbortOnError)
    i.UART_EndRxTransfer                     0x08002c68   Section        0  stm32f0xx_hal_uart.o(i.UART_EndRxTransfer)
    UART_EndRxTransfer                       0x08002c69   Thumb Code    30  stm32f0xx_hal_uart.o(i.UART_EndRxTransfer)
    i.UART_EndTransmit_IT                    0x08002c86   Section        0  stm32f0xx_hal_uart.o(i.UART_EndTransmit_IT)
    i.UART_Receive_IT                        0x08002ca0   Section        0  stm32f0xx_hal_uart.o(i.UART_Receive_IT)
    i.UART_SetConfig                         0x08002d1c   Section        0  stm32f0xx_hal_uart.o(i.UART_SetConfig)
    i.UART_Transmit_IT                       0x08002e78   Section        0  stm32f0xx_hal_uart.o(i.UART_Transmit_IT)
    i.UART_WaitOnFlagUntilTimeout            0x08002ede   Section        0  stm32f0xx_hal_uart.o(i.UART_WaitOnFlagUntilTimeout)
    i.USART1_IRQHandler                      0x08002f40   Section        0  stm32f0xx_it.o(i.USART1_IRQHandler)
    i.__0printf                              0x08002f50   Section        0  printfa.o(i.__0printf)
    i.__0sprintf                             0x08002f70   Section        0  printfa.o(i.__0sprintf)
    i.__ARM_clz                              0x08002f98   Section        0  depilogue.o(i.__ARM_clz)
    i.__ARM_common_switch8                   0x08002fc6   Section        0  stm32f0xx_hal_dma.o(i.__ARM_common_switch8)
    i.__ARM_fpclassify                       0x08002fe0   Section        0  fpclassify.o(i.__ARM_fpclassify)
    i.__kernel_poly                          0x0800300c   Section        0  poly.o(i.__kernel_poly)
    i.__mathlib_dbl_divzero                  0x080030b8   Section        0  dunder.o(i.__mathlib_dbl_divzero)
    i.__mathlib_dbl_infnan2                  0x080030cc   Section        0  dunder.o(i.__mathlib_dbl_infnan2)
    i.__mathlib_dbl_invalid                  0x080030d4   Section        0  dunder.o(i.__mathlib_dbl_invalid)
    i.__mathlib_dbl_overflow                 0x080030e4   Section        0  dunder.o(i.__mathlib_dbl_overflow)
    i.__mathlib_dbl_underflow                0x080030f8   Section        0  dunder.o(i.__mathlib_dbl_underflow)
    i.__scatterload_copy                     0x0800310c   Section       14  handlers.o(i.__scatterload_copy)
    i.__scatterload_null                     0x0800311a   Section        2  handlers.o(i.__scatterload_null)
    i.__scatterload_zeroinit                 0x0800311c   Section       14  handlers.o(i.__scatterload_zeroinit)
    i.__set_errno                            0x0800312c   Section        0  errno.o(i.__set_errno)
    i._fp_digits                             0x08003138   Section        0  printfa.o(i._fp_digits)
    _fp_digits                               0x08003139   Thumb Code   344  printfa.o(i._fp_digits)
    i._printf_core                           0x080032ac   Section        0  printfa.o(i._printf_core)
    _printf_core                             0x080032ad   Thumb Code  1754  printfa.o(i._printf_core)
    i._printf_post_padding                   0x08003998   Section        0  printfa.o(i._printf_post_padding)
    _printf_post_padding                     0x08003999   Thumb Code    32  printfa.o(i._printf_post_padding)
    i._printf_pre_padding                    0x080039b8   Section        0  printfa.o(i._printf_pre_padding)
    _printf_pre_padding                      0x080039b9   Thumb Code    44  printfa.o(i._printf_pre_padding)
    i._sputc                                 0x080039e4   Section        0  printfa.o(i._sputc)
    _sputc                                   0x080039e5   Thumb Code    10  printfa.o(i._sputc)
    i.atomic_inc32                           0x080039ee   Section        0  eventrecorder.o(i.atomic_inc32)
    atomic_inc32                             0x080039ef   Thumb Code    22  eventrecorder.o(i.atomic_inc32)
    i.fputc                                  0x08003a04   Section        0  retarget_io.o(i.fputc)
    i.free                                   0x08003a50   Section        0  malloc.o(i.free)
    i.idle                                   0x08003aa4   Section        0  dwm1000.o(i.idle)
    i.main                                   0x08003ad4   Section        0  main.o(i.main)
    i.malloc                                 0x0800405c   Section        0  malloc.o(i.malloc)
    i.pow                                    0x080040c8   Section        0  pow.o(i.pow)
    i.setBit                                 0x08004ac4   Section        0  dwm1000.o(i.setBit)
    i.sqrt                                   0x08004ae8   Section        0  sqrt.o(i.sqrt)
    i.trilateration2D                        0x08004b30   Section        0  main.o(i.trilateration2D)
    .constdata                               0x08005290   Section       16  system_stm32f0xx.o(.constdata)
    .constdata                               0x080052a0   Section        8  system_stm32f0xx.o(.constdata)
    .constdata                               0x080052a8   Section       24  eventrecorder.o(.constdata)
    __tagsym$$used                           0x080052a8   Number         0  eventrecorder.o(.constdata)
    .constdata                               0x080052c0   Section      136  pow.o(.constdata)
    bp                                       0x080052c0   Data          16  pow.o(.constdata)
    dp_h                                     0x080052d0   Data          16  pow.o(.constdata)
    dp_l                                     0x080052e0   Data          16  pow.o(.constdata)
    L                                        0x080052f0   Data          48  pow.o(.constdata)
    P                                        0x08005320   Data          40  pow.o(.constdata)
    .constdata                               0x08005348   Section        8  qnan.o(.constdata)
    .data                                    0x20000000   Section        4  system_stm32f0xx.o(.data)
    .data                                    0x20000004   Section        4  stm32f0xx_hal.o(.data)
    .data                                    0x20000008   Section      160  main.o(.data)
    .data                                    0x200000a8   Section       12  dwm1000.o(.data)
    .data                                    0x200000b4   Section       12  retarget_io.o(.data)
    index                                    0x200000b4   Data           4  retarget_io.o(.data)
    buffer                                   0x200000b8   Data           8  retarget_io.o(.data)
    .data                                    0x200000c0   Section        4  stdout.o(.data)
    .data                                    0x200000c4   Section        4  mvars.o(.data)
    .data                                    0x200000c8   Section        4  mvars.o(.data)
    .data                                    0x200000cc   Section        4  errno.o(.data)
    _errno                                   0x200000cc   Data           4  errno.o(.data)
    .bss                                     0x200000d0   Section      580  main.o(.bss)
    .noinit                                  0x20000340   Section     1252  eventrecorder.o(.noinit)
    TimeStamp                                0x20000340   Data           4  eventrecorder.o(.noinit)
    EventBuffer                              0x20000350   Data        1024  eventrecorder.o(.noinit)
    EventFilter                              0x20000750   Data         128  eventrecorder.o(.noinit)
    EventStatus                              0x20000800   Data          36  eventrecorder.o(.noinit)
    HEAP                                     0x20000828   Section      512  startup_stm32f072xb.o(HEAP)
    STACK                                    0x20000a28   Section     1024  startup_stm32f072xb.o(STACK)

    Global Symbols

    Symbol Name                              Value     Ov Type        Size  Object(Section)

    BuildAttributes$$THM_ISAv3M$S$PE$A:L22$X:L11$S22$IEEE1$IW$USESV6$~STKCKD$USESV7$~SHL$OTIME$ROPI$IEEEX$EBA8$MICROLIB$REQ8$PRES8$EABIv2 0x00000000   Number         0  anon$$obj.o ABSOLUTE
    __ARM_use_no_argv                        0x00000000   Number         0  main.o ABSOLUTE
    _printf_a                                0x00000000   Number         0  stubs.o ABSOLUTE
    _printf_c                                0x00000000   Number         0  stubs.o ABSOLUTE
    _printf_charcount                        0x00000000   Number         0  stubs.o ABSOLUTE
    _printf_d                                0x00000000   Number         0  stubs.o ABSOLUTE
    _printf_e                                0x00000000   Number         0  stubs.o ABSOLUTE
    _printf_f                                0x00000000   Number         0  stubs.o ABSOLUTE
    _printf_flags                            0x00000000   Number         0  stubs.o ABSOLUTE
    _printf_fp_dec                           0x00000000   Number         0  stubs.o ABSOLUTE
    _printf_fp_hex                           0x00000000   Number         0  stubs.o ABSOLUTE
    _printf_g                                0x00000000   Number         0  stubs.o ABSOLUTE
    _printf_i                                0x00000000   Number         0  stubs.o ABSOLUTE
    _printf_int_dec                          0x00000000   Number         0  stubs.o ABSOLUTE
    _printf_l                                0x00000000   Number         0  stubs.o ABSOLUTE
    _printf_lc                               0x00000000   Number         0  stubs.o ABSOLUTE
    _printf_ll                               0x00000000   Number         0  stubs.o ABSOLUTE
    _printf_lld                              0x00000000   Number         0  stubs.o ABSOLUTE
    _printf_lli                              0x00000000   Number         0  stubs.o ABSOLUTE
    _printf_llo                              0x00000000   Number         0  stubs.o ABSOLUTE
    _printf_llu                              0x00000000   Number         0  stubs.o ABSOLUTE
    _printf_llx                              0x00000000   Number         0  stubs.o ABSOLUTE
    _printf_longlong_dec                     0x00000000   Number         0  stubs.o ABSOLUTE
    _printf_longlong_hex                     0x00000000   Number         0  stubs.o ABSOLUTE
    _printf_longlong_oct                     0x00000000   Number         0  stubs.o ABSOLUTE
    _printf_ls                               0x00000000   Number         0  stubs.o ABSOLUTE
    _printf_mbtowc                           0x00000000   Number         0  stubs.o ABSOLUTE
    _printf_n                                0x00000000   Number         0  stubs.o ABSOLUTE
    _printf_o                                0x00000000   Number         0  stubs.o ABSOLUTE
    _printf_p                                0x00000000   Number         0  stubs.o ABSOLUTE
    _printf_percent                          0x00000000   Number         0  stubs.o ABSOLUTE
    _printf_pre_padding                      0x00000000   Number         0  stubs.o ABSOLUTE
    _printf_return_value                     0x00000000   Number         0  stubs.o ABSOLUTE
    _printf_s                                0x00000000   Number         0  stubs.o ABSOLUTE
    _printf_sizespec                         0x00000000   Number         0  stubs.o ABSOLUTE
    _printf_str                              0x00000000   Number         0  stubs.o ABSOLUTE
    _printf_truncate_signed                  0x00000000   Number         0  stubs.o ABSOLUTE
    _printf_truncate_unsigned                0x00000000   Number         0  stubs.o ABSOLUTE
    _printf_u                                0x00000000   Number         0  stubs.o ABSOLUTE
    _printf_wc                               0x00000000   Number         0  stubs.o ABSOLUTE
    _printf_wctomb                           0x00000000   Number         0  stubs.o ABSOLUTE
    _printf_widthprec                        0x00000000   Number         0  stubs.o ABSOLUTE
    _printf_x                                0x00000000   Number         0  stubs.o ABSOLUTE
    __cpp_initialize__aeabi_                  - Undefined Weak Reference
    __cxa_finalize                            - Undefined Weak Reference
    __decompress                              - Undefined Weak Reference
    _clock_init                               - Undefined Weak Reference
    _microlib_exit                            - Undefined Weak Reference
    __Vectors_Size                           0x000000c0   Number         0  startup_stm32f072xb.o ABSOLUTE
    __Vectors                                0x08000000   Data           4  startup_stm32f072xb.o(RESET)
    __Vectors_End                            0x080000c0   Data           0  startup_stm32f072xb.o(RESET)
    __main                                   0x080000c1   Thumb Code     0  entry.o(.ARM.Collect$$$$00000000)
    _main_stk                                0x080000c1   Thumb Code     0  entry2.o(.ARM.Collect$$$$00000001)
    _main_scatterload                        0x080000c5   Thumb Code     0  entry5.o(.ARM.Collect$$$$00000004)
    __main_after_scatterload                 0x080000c9   Thumb Code     0  entry5.o(.ARM.Collect$$$$00000004)
    _main_clock                              0x080000c9   Thumb Code     0  entry7b.o(.ARM.Collect$$$$00000008)
    _main_cpp_init                           0x080000c9   Thumb Code     0  entry8b.o(.ARM.Collect$$$$0000000A)
    _main_init                               0x080000c9   Thumb Code     0  entry9a.o(.ARM.Collect$$$$0000000B)
    __rt_final_cpp                           0x080000d1   Thumb Code     0  entry10a.o(.ARM.Collect$$$$0000000D)
    __rt_final_exit                          0x080000d1   Thumb Code     0  entry11a.o(.ARM.Collect$$$$0000000F)
    Reset_Handler                            0x080000d5   Thumb Code     8  startup_stm32f072xb.o(.text)
    NMI_Handler                              0x080000dd   Thumb Code     2  startup_stm32f072xb.o(.text)
    HardFault_Handler                        0x080000df   Thumb Code     2  startup_stm32f072xb.o(.text)
    SVC_Handler                              0x080000e1   Thumb Code     2  startup_stm32f072xb.o(.text)
    PendSV_Handler                           0x080000e3   Thumb Code     2  startup_stm32f072xb.o(.text)
    ADC1_COMP_IRQHandler                     0x080000e7   Thumb Code     0  startup_stm32f072xb.o(.text)
    CEC_CAN_IRQHandler                       0x080000e7   Thumb Code     0  startup_stm32f072xb.o(.text)
    DMA1_Channel1_IRQHandler                 0x080000e7   Thumb Code     0  startup_stm32f072xb.o(.text)
    DMA1_Channel2_3_IRQHandler               0x080000e7   Thumb Code     0  startup_stm32f072xb.o(.text)
    DMA1_Channel4_5_6_7_IRQHandler           0x080000e7   Thumb Code     0  startup_stm32f072xb.o(.text)
    EXTI4_15_IRQHandler                      0x080000e7   Thumb Code     0  startup_stm32f072xb.o(.text)
    FLASH_IRQHandler                         0x080000e7   Thumb Code     0  startup_stm32f072xb.o(.text)
    I2C1_IRQHandler                          0x080000e7   Thumb Code     0  startup_stm32f072xb.o(.text)
    I2C2_IRQHandler                          0x080000e7   Thumb Code     0  startup_stm32f072xb.o(.text)
    PVD_VDDIO2_IRQHandler                    0x080000e7   Thumb Code     0  startup_stm32f072xb.o(.text)
    RCC_CRS_IRQHandler                       0x080000e7   Thumb Code     0  startup_stm32f072xb.o(.text)
    RTC_IRQHandler                           0x080000e7   Thumb Code     0  startup_stm32f072xb.o(.text)
    SPI1_IRQHandler                          0x080000e7   Thumb Code     0  startup_stm32f072xb.o(.text)
    SPI2_IRQHandler                          0x080000e7   Thumb Code     0  startup_stm32f072xb.o(.text)
    TIM14_IRQHandler                         0x080000e7   Thumb Code     0  startup_stm32f072xb.o(.text)
    TIM15_IRQHandler                         0x080000e7   Thumb Code     0  startup_stm32f072xb.o(.text)
    TIM16_IRQHandler                         0x080000e7   Thumb Code     0  startup_stm32f072xb.o(.text)
    TIM17_IRQHandler                         0x080000e7   Thumb Code     0  startup_stm32f072xb.o(.text)
    TIM1_BRK_UP_TRG_COM_IRQHandler           0x080000e7   Thumb Code     0  startup_stm32f072xb.o(.text)
    TIM1_CC_IRQHandler                       0x080000e7   Thumb Code     0  startup_stm32f072xb.o(.text)
    TIM2_IRQHandler                          0x080000e7   Thumb Code     0  startup_stm32f072xb.o(.text)
    TIM3_IRQHandler                          0x080000e7   Thumb Code     0  startup_stm32f072xb.o(.text)
    TIM6_DAC_IRQHandler                      0x080000e7   Thumb Code     0  startup_stm32f072xb.o(.text)
    TIM7_IRQHandler                          0x080000e7   Thumb Code     0  startup_stm32f072xb.o(.text)
    TSC_IRQHandler                           0x080000e7   Thumb Code     0  startup_stm32f072xb.o(.text)
    USART2_IRQHandler                        0x080000e7   Thumb Code     0  startup_stm32f072xb.o(.text)
    USART3_4_IRQHandler                      0x080000e7   Thumb Code     0  startup_stm32f072xb.o(.text)
    USB_IRQHandler                           0x080000e7   Thumb Code     0  startup_stm32f072xb.o(.text)
    WWDG_IRQHandler                          0x080000e7   Thumb Code     0  startup_stm32f072xb.o(.text)
    __aeabi_uidiv                            0x080000f1   Thumb Code     0  uidiv.o(.text)
    __aeabi_uidivmod                         0x080000f1   Thumb Code    44  uidiv.o(.text)
    __aeabi_idiv                             0x0800011d   Thumb Code     0  idiv.o(.text)
    __aeabi_idivmod                          0x0800011d   Thumb Code    40  idiv.o(.text)
    __aeabi_llsr                             0x08000145   Thumb Code    34  llushr.o(.text)
    _ll_ushift_r                             0x08000145   Thumb Code     0  llushr.o(.text)
    __aeabi_memcpy                           0x08000167   Thumb Code    36  memcpya.o(.text)
    __aeabi_memcpy4                          0x08000167   Thumb Code     0  memcpya.o(.text)
    __aeabi_memcpy8                          0x08000167   Thumb Code     0  memcpya.o(.text)
    __aeabi_memset                           0x0800018b   Thumb Code    14  memseta.o(.text)
    __aeabi_memset4                          0x0800018b   Thumb Code     0  memseta.o(.text)
    __aeabi_memset8                          0x0800018b   Thumb Code     0  memseta.o(.text)
    __aeabi_memclr                           0x08000199   Thumb Code     4  memseta.o(.text)
    __aeabi_memclr4                          0x08000199   Thumb Code     0  memseta.o(.text)
    __aeabi_memclr8                          0x08000199   Thumb Code     0  memseta.o(.text)
    _memset$wrapper                          0x0800019d   Thumb Code    18  memseta.o(.text)
    __aeabi_uread4                           0x080001af   Thumb Code    20  uread4.o(.text)
    __rt_uread4                              0x080001af   Thumb Code     0  uread4.o(.text)
    _uread4                                  0x080001af   Thumb Code     0  uread4.o(.text)
    __aeabi_fadd                             0x080001c3   Thumb Code   162  fadd.o(.text)
    __aeabi_fsub                             0x08000265   Thumb Code     8  fadd.o(.text)
    __aeabi_frsub                            0x0800026d   Thumb Code     8  fadd.o(.text)
    __aeabi_fmul                             0x08000275   Thumb Code   122  fmul.o(.text)
    __aeabi_fdiv                             0x080002ef   Thumb Code   124  fdiv.o(.text)
    __ARM_scalbnf                            0x0800036b   Thumb Code    24  fscalb.o(.text)
    scalbnf                                  0x0800036b   Thumb Code     0  fscalb.o(.text)
    __aeabi_dadd                             0x08000385   Thumb Code   328  dadd.o(.text)
    __aeabi_dsub                             0x080004cd   Thumb Code    12  dadd.o(.text)
    __aeabi_drsub                            0x080004d9   Thumb Code    12  dadd.o(.text)
    __aeabi_dmul                             0x080004e9   Thumb Code   202  dmul.o(.text)
    __aeabi_ddiv                             0x080005b9   Thumb Code   234  ddiv.o(.text)
    __ARM_scalbn                             0x080006a9   Thumb Code    44  dscalb.o(.text)
    scalbn                                   0x080006a9   Thumb Code     0  dscalb.o(.text)
    __aeabi_i2f                              0x080006d5   Thumb Code    22  fflti.o(.text)
    __aeabi_i2d                              0x080006ed   Thumb Code    34  dflti.o(.text)
    __aeabi_ul2d                             0x08000715   Thumb Code    22  dfltul.o(.text)
    __aeabi_f2iz                             0x08000731   Thumb Code    50  ffixi.o(.text)
    __aeabi_d2iz                             0x08000765   Thumb Code    62  dfixi.o(.text)
    __aeabi_f2d                              0x080007ad   Thumb Code    40  f2d.o(.text)
    __aeabi_d2f                              0x080007d5   Thumb Code    56  d2f.o(.text)
    __aeabi_uldivmod                         0x0800080d   Thumb Code    96  uldiv.o(.text)
    __aeabi_llsl                             0x0800086d   Thumb Code    32  llshl.o(.text)
    _ll_shift_l                              0x0800086d   Thumb Code     0  llshl.o(.text)
    __aeabi_lasr                             0x0800088d   Thumb Code    38  llsshr.o(.text)
    _ll_sshift_r                             0x0800088d   Thumb Code     0  llsshr.o(.text)
    __I$use$fp                               0x080008b3   Thumb Code     0  iusefp.o(.text)
    _float_round                             0x080008b3   Thumb Code    16  fepilogue.o(.text)
    _float_epilogue                          0x080008c3   Thumb Code   114  fepilogue.o(.text)
    _double_round                            0x08000935   Thumb Code    26  depilogue.o(.text)
    _double_epilogue                         0x0800094f   Thumb Code   164  depilogue.o(.text)
    _dsqrt                                   0x080009f3   Thumb Code   162  dsqrt.o(.text)
    __aeabi_d2ulz                            0x08000a95   Thumb Code    54  dfixul.o(.text)
    __aeabi_cdrcmple                         0x08000ad5   Thumb Code    38  cdrcmple.o(.text)
    __scatterload                            0x08000afd   Thumb Code    28  init.o(.text)
    __scatterload_rt2                        0x08000afd   Thumb Code     0  init.o(.text)
    DWM_Disable_Rx                           0x08000b21   Thumb Code    34  dwm1000.o(i.DWM_Disable_Rx)
    DWM_Init                                 0x08000b49   Thumb Code   412  dwm1000.o(i.DWM_Init)
    DWM_ReadSPI_ext                          0x08000d05   Thumb Code   170  dwm1000.o(i.DWM_ReadSPI_ext)
    DWM_ReceiveData                          0x08000db9   Thumb Code    52  dwm1000.o(i.DWM_ReceiveData)
    DWM_SendData                             0x08000ded   Thumb Code    98  dwm1000.o(i.DWM_SendData)
    DWM_WriteSPI_ext                         0x08000e55   Thumb Code   138  dwm1000.o(i.DWM_WriteSPI_ext)
    DWM_reset                                0x08000ee9   Thumb Code   270  dwm1000.o(i.DWM_reset)
    EXTI0_1_IRQHandler                       0x08001001   Thumb Code    10  stm32f0xx_it.o(i.EXTI0_1_IRQHandler)
    EXTI2_3_IRQHandler                       0x0800100d   Thumb Code    20  stm32f0xx_it.o(i.EXTI2_3_IRQHandler)
    EventRecordData                          0x0800107d   Thumb Code   236  eventrecorder.o(i.EventRecordData)
    EventRecorderEnable                      0x0800124d   Thumb Code    76  eventrecorder.o(i.EventRecorderEnable)
    EventRecorderInitialize                  0x0800129d   Thumb Code   198  eventrecorder.o(i.EventRecorderInitialize)
    EventRecorderTimerGet                    0x08001381   Thumb Code    10  eventrecorder.o(i.EventRecorderTimerGet)
    EventRecorderTimerInit                   0x08001391   Thumb Code     8  eventrecorder.o(i.EventRecorderTimerInit)
    HAL_DMA_Abort_IT                         0x080013b9   Thumb Code    72  stm32f0xx_hal_dma.o(i.HAL_DMA_Abort_IT)
    HAL_Delay                                0x08001401   Thumb Code    28  stm32f0xx_hal.o(i.HAL_Delay)
    HAL_GPIO_EXTI_Callback                   0x0800141d   Thumb Code   174  main.o(i.HAL_GPIO_EXTI_Callback)
    HAL_GPIO_EXTI_IRQHandler                 0x080014d1   Thumb Code    18  stm32f0xx_hal_gpio.o(i.HAL_GPIO_EXTI_IRQHandler)
    HAL_GPIO_Init                            0x080014e9   Thumb Code   314  stm32f0xx_hal_gpio.o(i.HAL_GPIO_Init)
    HAL_GPIO_TogglePin                       0x08001641   Thumb Code     8  stm32f0xx_hal_gpio.o(i.HAL_GPIO_TogglePin)
    HAL_GPIO_WritePin                        0x08001649   Thumb Code    12  stm32f0xx_hal_gpio.o(i.HAL_GPIO_WritePin)
    HAL_GetTick                              0x08001655   Thumb Code     6  stm32f0xx_hal.o(i.HAL_GetTick)
    HAL_IncTick                              0x08001661   Thumb Code    10  stm32f0xx_hal.o(i.HAL_IncTick)
    HAL_Init                                 0x08001671   Thumb Code    26  stm32f0xx_hal.o(i.HAL_Init)
    HAL_InitTick                             0x08001691   Thumb Code    34  stm32f0xx_hal.o(i.HAL_InitTick)
    HAL_MspInit                              0x080016b5   Thumb Code    50  stm32f0xx_hal_msp.o(i.HAL_MspInit)
    HAL_NVIC_EnableIRQ                       0x080016ed   Thumb Code    14  stm32f0xx_hal_cortex.o(i.HAL_NVIC_EnableIRQ)
    HAL_NVIC_SetPriority                     0x08001701   Thumb Code     8  stm32f0xx_hal_cortex.o(i.HAL_NVIC_SetPriority)
    HAL_RCCEx_PeriphCLKConfig                0x08001709   Thumb Code   274  stm32f0xx_hal_rcc_ex.o(i.HAL_RCCEx_PeriphCLKConfig)
    HAL_RCC_ClockConfig                      0x08001829   Thumb Code   320  stm32f0xx_hal_rcc.o(i.HAL_RCC_ClockConfig)
    HAL_RCC_GetHCLKFreq                      0x0800197d   Thumb Code     6  stm32f0xx_hal_rcc.o(i.HAL_RCC_GetHCLKFreq)
    HAL_RCC_GetPCLK1Freq                     0x08001989   Thumb Code    20  stm32f0xx_hal_rcc.o(i.HAL_RCC_GetPCLK1Freq)
    HAL_RCC_GetSysClockFreq                  0x080019a9   Thumb Code    90  stm32f0xx_hal_rcc.o(i.HAL_RCC_GetSysClockFreq)
    HAL_RCC_OscConfig                        0x08001a31   Thumb Code   966  stm32f0xx_hal_rcc.o(i.HAL_RCC_OscConfig)
    HAL_SPI_Init                             0x08001e09   Thumb Code   184  stm32f0xx_hal_spi.o(i.HAL_SPI_Init)
    HAL_SPI_MspInit                          0x08001ec1   Thumb Code    80  stm32f0xx_hal_msp.o(i.HAL_SPI_MspInit)
    HAL_SPI_Transmit                         0x08001f1d   Thumb Code   368  stm32f0xx_hal_spi.o(i.HAL_SPI_Transmit)
    HAL_SPI_TransmitReceive                  0x0800208d   Thumb Code   584  stm32f0xx_hal_spi.o(i.HAL_SPI_TransmitReceive)
    HAL_SYSTICK_CLKSourceConfig              0x080022d5   Thumb Code    20  stm32f0xx_hal_cortex.o(i.HAL_SYSTICK_CLKSourceConfig)
    HAL_SYSTICK_Callback                     0x080022ed   Thumb Code     2  stm32f0xx_hal_cortex.o(i.HAL_SYSTICK_Callback)
    HAL_SYSTICK_Config                       0x080022f1   Thumb Code    38  stm32f0xx_hal_cortex.o(i.HAL_SYSTICK_Config)
    HAL_SYSTICK_IRQHandler                   0x08002321   Thumb Code     8  stm32f0xx_hal_cortex.o(i.HAL_SYSTICK_IRQHandler)
    HAL_UARTEx_WakeupCallback                0x08002329   Thumb Code     2  stm32f0xx_hal_uart_ex.o(i.HAL_UARTEx_WakeupCallback)
    HAL_UART_ErrorCallback                   0x0800232b   Thumb Code     2  stm32f0xx_hal_uart.o(i.HAL_UART_ErrorCallback)
    HAL_UART_IRQHandler                      0x0800232d   Thumb Code   304  stm32f0xx_hal_uart.o(i.HAL_UART_IRQHandler)
    HAL_UART_Init                            0x08002461   Thumb Code   108  stm32f0xx_hal_uart.o(i.HAL_UART_Init)
    HAL_UART_MspInit                         0x080024cd   Thumb Code    80  stm32f0xx_hal_msp.o(i.HAL_UART_MspInit)
    HAL_UART_Receive_IT                      0x08002525   Thumb Code   154  stm32f0xx_hal_uart.o(i.HAL_UART_Receive_IT)
    HAL_UART_RxCpltCallback                  0x080025c5   Thumb Code    38  main.o(i.HAL_UART_RxCpltCallback)
    HAL_UART_Transmit                        0x080025f9   Thumb Code   200  stm32f0xx_hal_uart.o(i.HAL_UART_Transmit)
    HAL_UART_TxCpltCallback                  0x080026c1   Thumb Code     2  stm32f0xx_hal_uart.o(i.HAL_UART_TxCpltCallback)
    SysTick_Handler                          0x08002a33   Thumb Code    12  stm32f0xx_it.o(i.SysTick_Handler)
    SystemClock_Config                       0x08002a3f   Thumb Code   120  main.o(i.SystemClock_Config)
    SystemInit                               0x08002ab9   Thumb Code    76  system_stm32f0xx.o(i.SystemInit)
    UART_AdvFeatureConfig                    0x08002b15   Thumb Code   202  stm32f0xx_hal_uart.o(i.UART_AdvFeatureConfig)
    UART_CheckIdleState                      0x08002be1   Thumb Code   102  stm32f0xx_hal_uart.o(i.UART_CheckIdleState)
    UART_EndTransmit_IT                      0x08002c87   Thumb Code    26  stm32f0xx_hal_uart.o(i.UART_EndTransmit_IT)
    UART_Receive_IT                          0x08002ca1   Thumb Code   122  stm32f0xx_hal_uart.o(i.UART_Receive_IT)
    UART_SetConfig                           0x08002d1d   Thumb Code   316  stm32f0xx_hal_uart.o(i.UART_SetConfig)
    UART_Transmit_IT                         0x08002e79   Thumb Code   102  stm32f0xx_hal_uart.o(i.UART_Transmit_IT)
    UART_WaitOnFlagUntilTimeout              0x08002edf   Thumb Code    98  stm32f0xx_hal_uart.o(i.UART_WaitOnFlagUntilTimeout)
    USART1_IRQHandler                        0x08002f41   Thumb Code    10  stm32f0xx_it.o(i.USART1_IRQHandler)
    __0printf                                0x08002f51   Thumb Code    24  printfa.o(i.__0printf)
    __1printf                                0x08002f51   Thumb Code     0  printfa.o(i.__0printf)
    __2printf                                0x08002f51   Thumb Code     0  printfa.o(i.__0printf)
    __c89printf                              0x08002f51   Thumb Code     0  printfa.o(i.__0printf)
    printf                                   0x08002f51   Thumb Code     0  printfa.o(i.__0printf)
    __0sprintf                               0x08002f71   Thumb Code    36  printfa.o(i.__0sprintf)
    __1sprintf                               0x08002f71   Thumb Code     0  printfa.o(i.__0sprintf)
    __2sprintf                               0x08002f71   Thumb Code     0  printfa.o(i.__0sprintf)
    __c89sprintf                             0x08002f71   Thumb Code     0  printfa.o(i.__0sprintf)
    sprintf                                  0x08002f71   Thumb Code     0  printfa.o(i.__0sprintf)
    __ARM_clz                                0x08002f99   Thumb Code    46  depilogue.o(i.__ARM_clz)
    __ARM_common_switch8                     0x08002fc7   Thumb Code    26  stm32f0xx_hal_dma.o(i.__ARM_common_switch8)
    __ARM_fpclassify                         0x08002fe1   Thumb Code    40  fpclassify.o(i.__ARM_fpclassify)
    __kernel_poly                            0x0800300d   Thumb Code   172  poly.o(i.__kernel_poly)
    __mathlib_dbl_divzero                    0x080030b9   Thumb Code    16  dunder.o(i.__mathlib_dbl_divzero)
    __mathlib_dbl_infnan2                    0x080030cd   Thumb Code     8  dunder.o(i.__mathlib_dbl_infnan2)
    __mathlib_dbl_invalid                    0x080030d5   Thumb Code    16  dunder.o(i.__mathlib_dbl_invalid)
    __mathlib_dbl_overflow                   0x080030e5   Thumb Code    16  dunder.o(i.__mathlib_dbl_overflow)
    __mathlib_dbl_underflow                  0x080030f9   Thumb Code    14  dunder.o(i.__mathlib_dbl_underflow)
    __scatterload_copy                       0x0800310d   Thumb Code    14  handlers.o(i.__scatterload_copy)
    __scatterload_null                       0x0800311b   Thumb Code     2  handlers.o(i.__scatterload_null)
    __scatterload_zeroinit                   0x0800311d   Thumb Code    14  handlers.o(i.__scatterload_zeroinit)
    __set_errno                              0x0800312d   Thumb Code     6  errno.o(i.__set_errno)
    fputc                                    0x08003a05   Thumb Code    62  retarget_io.o(i.fputc)
    free                                     0x08003a51   Thumb Code    80  malloc.o(i.free)
    idle                                     0x08003aa5   Thumb Code    44  dwm1000.o(i.idle)
    main                                     0x08003ad5   Thumb Code  1338  main.o(i.main)
    malloc                                   0x0800405d   Thumb Code    92  malloc.o(i.malloc)
    pow                                      0x080040c9   Thumb Code  2548  pow.o(i.pow)
    setBit                                   0x08004ac5   Thumb Code    34  dwm1000.o(i.setBit)
    sqrt                                     0x08004ae9   Thumb Code    66  sqrt.o(i.sqrt)
    trilateration2D                          0x08004b31   Thumb Code  1880  main.o(i.trilateration2D)
    AHBPrescTable                            0x08005290   Data          16  system_stm32f0xx.o(.constdata)
    APBPrescTable                            0x080052a0   Data           8  system_stm32f0xx.o(.constdata)
    EventRecorderInfo                        0x080052a8   Data          24  eventrecorder.o(.constdata)
    __mathlib_zero                           0x08005348   Data           8  qnan.o(.constdata)
    Region$$Table$$Base                      0x08005350   Number         0  anon$$obj.o(Region$$Table)
    Region$$Table$$Limit                     0x08005370   Number         0  anon$$obj.o(Region$$Table)
    SystemCoreClock                          0x20000000   Data           4  system_stm32f0xx.o(.data)
    uwTick                                   0x20000004   Data           4  stm32f0xx_hal.o(.data)
    TxOk                                     0x20000008   Data           1  main.o(.data)
    RxOk                                     0x20000009   Data           1  main.o(.data)
    RxError                                  0x2000000a   Data           1  main.o(.data)
    master_first_message                     0x2000000b   Data           1  main.o(.data)
    master_second_message                    0x2000000c   Data           1  main.o(.data)
    slave_standard_message                   0x2000000d   Data           1  main.o(.data)
    uartRx_data                              0x2000000e   Data           2  main.o(.data)
    SlaveNummer                              0x20000010   Data           4  main.o(.data)
    uartPress_enter                          0x20000014   Data           4  main.o(.data)
    measure_counter                          0x20000018   Data           4  main.o(.data)
    moy_distance                             0x2000001c   Data           4  main.o(.data)
    sum_square                               0x20000020   Data           4  main.o(.data)
    distance                                 0x20000024   Data           4  main.o(.data)
    distanceMeasured                         0x20000028   Data           4  main.o(.data)
    state                                    0x2000002c   Data           4  main.o(.data)
    uartLen                                  0x20000030   Data           4  main.o(.data)
    t1_8                                     0x20000034   Data           5  main.o(.data)
    t2_8                                     0x20000039   Data           5  main.o(.data)
    t3_8                                     0x2000003e   Data           5  main.o(.data)
    t4_8                                     0x20000043   Data           5  main.o(.data)
    t5_8                                     0x20000048   Data           5  main.o(.data)
    t6_8                                     0x2000004d   Data           5  main.o(.data)
    t1                                       0x20000058   Data           8  main.o(.data)
    t2                                       0x20000060   Data           8  main.o(.data)
    t3                                       0x20000068   Data           8  main.o(.data)
    t4                                       0x20000070   Data           8  main.o(.data)
    t5                                       0x20000078   Data           8  main.o(.data)
    t6                                       0x20000080   Data           8  main.o(.data)
    tof                                      0x20000088   Data           8  main.o(.data)
    previousPos                              0x20000090   Data           8  main.o(.data)
    correctivePol                            0x20000098   Data          16  main.o(.data)
    _deviceMode                              0x200000a8   Data           1  dwm1000.o(.data)
    _sysctrl                                 0x200000a9   Data           4  dwm1000.o(.data)
    _deviceHandle                            0x200000b0   Data           4  dwm1000.o(.data)
    __stdout                                 0x200000c0   Data           4  stdout.o(.data)
    __microlib_freelist                      0x200000c4   Data           4  mvars.o(.data)
    __microlib_freelist_initialised          0x200000c8   Data           4  mvars.o(.data)
    hspi1                                    0x200000d0   Data         100  main.o(.bss)
    huart1                                   0x20000134   Data         112  main.o(.bss)
    RxData                                   0x200001a4   Data         128  main.o(.bss)
    TxData                                   0x20000224   Data         128  main.o(.bss)
    distancemm                               0x200002a4   Data          12  main.o(.bss)
    uartBuffer                               0x200002b0   Data         100  main.o(.bss)
    __heap_base                              0x20000828   Data           0  startup_stm32f072xb.o(HEAP)
    __heap_limit                             0x20000a28   Data           0  startup_stm32f072xb.o(HEAP)
    __initial_sp                             0x20000e28   Data           0  startup_stm32f072xb.o(STACK)



==============================================================================

Memory Map of the image

  Image Entry point : 0x080000c1

  Load Region LR_IROM1 (Base: 0x08000000, Size: 0x00005440, Max: 0x00020000, ABSOLUTE)

    Execution Region ER_IROM1 (Exec base: 0x08000000, Load base: 0x08000000, Size: 0x00005370, Max: 0x00020000, ABSOLUTE)

    Exec Addr    Load Addr    Size         Type   Attr      Idx    E Section Name        Object

    0x08000000   0x08000000   0x000000c0   Data   RO         2280    RESET               startup_stm32f072xb.o
    0x080000c0   0x080000c0   0x00000000   Code   RO         2726  * .ARM.Collect$$$$00000000  mc_p.l(entry.o)
    0x080000c0   0x080000c0   0x00000004   Code   RO         3087    .ARM.Collect$$$$00000001  mc_p.l(entry2.o)
    0x080000c4   0x080000c4   0x00000004   Code   RO         3090    .ARM.Collect$$$$00000004  mc_p.l(entry5.o)
    0x080000c8   0x080000c8   0x00000000   Code   RO         3092    .ARM.Collect$$$$00000008  mc_p.l(entry7b.o)
    0x080000c8   0x080000c8   0x00000000   Code   RO         3094    .ARM.Collect$$$$0000000A  mc_p.l(entry8b.o)
    0x080000c8   0x080000c8   0x00000008   Code   RO         3095    .ARM.Collect$$$$0000000B  mc_p.l(entry9a.o)
    0x080000d0   0x080000d0   0x00000000   Code   RO         3097    .ARM.Collect$$$$0000000D  mc_p.l(entry10a.o)
    0x080000d0   0x080000d0   0x00000000   Code   RO         3099    .ARM.Collect$$$$0000000F  mc_p.l(entry11a.o)
    0x080000d0   0x080000d0   0x00000004   Code   RO         3088    .ARM.Collect$$$$00002712  mc_p.l(entry2.o)
    0x080000d4   0x080000d4   0x0000001c   Code   RO         2281    .text               startup_stm32f072xb.o
    0x080000f0   0x080000f0   0x0000002c   Code   RO         2735    .text               mc_p.l(uidiv.o)
    0x0800011c   0x0800011c   0x00000028   Code   RO         2737    .text               mc_p.l(idiv.o)
    0x08000144   0x08000144   0x00000022   Code   RO         2739    .text               mc_p.l(llushr.o)
    0x08000166   0x08000166   0x00000024   Code   RO         2741    .text               mc_p.l(memcpya.o)
    0x0800018a   0x0800018a   0x00000024   Code   RO         2743    .text               mc_p.l(memseta.o)
    0x080001ae   0x080001ae   0x00000014   Code   RO         3036    .text               mc_p.l(uread4.o)
    0x080001c2   0x080001c2   0x000000b2   Code   RO         3038    .text               mf_p.l(fadd.o)
    0x08000274   0x08000274   0x0000007a   Code   RO         3040    .text               mf_p.l(fmul.o)
    0x080002ee   0x080002ee   0x0000007c   Code   RO         3042    .text               mf_p.l(fdiv.o)
    0x0800036a   0x0800036a   0x00000018   Code   RO         3044    .text               mf_p.l(fscalb.o)
    0x08000382   0x08000382   0x00000002   PAD
    0x08000384   0x08000384   0x00000164   Code   RO         3046    .text               mf_p.l(dadd.o)
    0x080004e8   0x080004e8   0x000000d0   Code   RO         3048    .text               mf_p.l(dmul.o)
    0x080005b8   0x080005b8   0x000000f0   Code   RO         3050    .text               mf_p.l(ddiv.o)
    0x080006a8   0x080006a8   0x0000002c   Code   RO         3052    .text               mf_p.l(dscalb.o)
    0x080006d4   0x080006d4   0x00000016   Code   RO         3054    .text               mf_p.l(fflti.o)
    0x080006ea   0x080006ea   0x00000002   PAD
    0x080006ec   0x080006ec   0x00000028   Code   RO         3056    .text               mf_p.l(dflti.o)
    0x08000714   0x08000714   0x0000001c   Code   RO         3058    .text               mf_p.l(dfltul.o)
    0x08000730   0x08000730   0x00000032   Code   RO         3060    .text               mf_p.l(ffixi.o)
    0x08000762   0x08000762   0x00000002   PAD
    0x08000764   0x08000764   0x00000048   Code   RO         3062    .text               mf_p.l(dfixi.o)
    0x080007ac   0x080007ac   0x00000028   Code   RO         3064    .text               mf_p.l(f2d.o)
    0x080007d4   0x080007d4   0x00000038   Code   RO         3066    .text               mf_p.l(d2f.o)
    0x0800080c   0x0800080c   0x00000060   Code   RO         3101    .text               mc_p.l(uldiv.o)
    0x0800086c   0x0800086c   0x00000020   Code   RO         3103    .text               mc_p.l(llshl.o)
    0x0800088c   0x0800088c   0x00000026   Code   RO         3105    .text               mc_p.l(llsshr.o)
    0x080008b2   0x080008b2   0x00000000   Code   RO         3116    .text               mc_p.l(iusefp.o)
    0x080008b2   0x080008b2   0x00000082   Code   RO         3117    .text               mf_p.l(fepilogue.o)
    0x08000934   0x08000934   0x000000be   Code   RO         3119    .text               mf_p.l(depilogue.o)
    0x080009f2   0x080009f2   0x000000a2   Code   RO         3123    .text               mf_p.l(dsqrt.o)
    0x08000a94   0x08000a94   0x00000040   Code   RO         3125    .text               mf_p.l(dfixul.o)
    0x08000ad4   0x08000ad4   0x00000028   Code   RO         3129    .text               mf_p.l(cdrcmple.o)
    0x08000afc   0x08000afc   0x00000024   Code   RO         3131    .text               mc_p.l(init.o)
    0x08000b20   0x08000b20   0x00000028   Code   RO         2464    i.DWM_Disable_Rx    dwm1000.o
    0x08000b48   0x08000b48   0x000001bc   Code   RO         2466    i.DWM_Init          dwm1000.o
    0x08000d04   0x08000d04   0x000000b4   Code   RO         2467    i.DWM_ReadSPI_ext   dwm1000.o
    0x08000db8   0x08000db8   0x00000034   Code   RO         2468    i.DWM_ReceiveData   dwm1000.o
    0x08000dec   0x08000dec   0x00000068   Code   RO         2469    i.DWM_SendData      dwm1000.o
    0x08000e54   0x08000e54   0x00000094   Code   RO         2470    i.DWM_WriteSPI_ext  dwm1000.o
    0x08000ee8   0x08000ee8   0x00000118   Code   RO         2471    i.DWM_reset         dwm1000.o
    0x08001000   0x08001000   0x0000000a   Code   RO         2378    i.EXTI0_1_IRQHandler  stm32f0xx_it.o
    0x0800100a   0x0800100a   0x00000002   PAD
    0x0800100c   0x0800100c   0x00000018   Code   RO         2379    i.EXTI2_3_IRQHandler  stm32f0xx_it.o
    0x08001024   0x08001024   0x00000028   Code   RO         2551    i.EventCheckFilter  eventrecorder.o
    0x0800104c   0x0800104c   0x00000030   Code   RO         2552    i.EventGetTS        eventrecorder.o
    0x0800107c   0x0800107c   0x000000f0   Code   RO         2555    i.EventRecordData   eventrecorder.o
    0x0800116c   0x0800116c   0x000000e0   Code   RO         2556    i.EventRecordItem   eventrecorder.o
    0x0800124c   0x0800124c   0x00000050   Code   RO         2558    i.EventRecorderEnable  eventrecorder.o
    0x0800129c   0x0800129c   0x000000e4   Code   RO         2559    i.EventRecorderInitialize  eventrecorder.o
    0x08001380   0x08001380   0x00000010   Code   RO         2562    i.EventRecorderTimerGet  eventrecorder.o
    0x08001390   0x08001390   0x0000000c   Code   RO         2563    i.EventRecorderTimerInit  eventrecorder.o
    0x0800139c   0x0800139c   0x0000001c   Code   RO         2564    i.GetContext        eventrecorder.o
    0x080013b8   0x080013b8   0x00000048   Code   RO          905    i.HAL_DMA_Abort_IT  stm32f0xx_hal_dma.o
    0x08001400   0x08001400   0x0000001c   Code   RO         1230    i.HAL_Delay         stm32f0xx_hal.o
    0x0800141c   0x0800141c   0x000000b4   Code   RO         2287    i.HAL_GPIO_EXTI_Callback  main.o
    0x080014d0   0x080014d0   0x00000018   Code   RO          184    i.HAL_GPIO_EXTI_IRQHandler  stm32f0xx_hal_gpio.o
    0x080014e8   0x080014e8   0x00000158   Code   RO          185    i.HAL_GPIO_Init     stm32f0xx_hal_gpio.o
    0x08001640   0x08001640   0x00000008   Code   RO          188    i.HAL_GPIO_TogglePin  stm32f0xx_hal_gpio.o
    0x08001648   0x08001648   0x0000000c   Code   RO          189    i.HAL_GPIO_WritePin  stm32f0xx_hal_gpio.o
    0x08001654   0x08001654   0x0000000c   Code   RO         1234    i.HAL_GetTick       stm32f0xx_hal.o
    0x08001660   0x08001660   0x00000010   Code   RO         1238    i.HAL_IncTick       stm32f0xx_hal.o
    0x08001670   0x08001670   0x00000020   Code   RO         1239    i.HAL_Init          stm32f0xx_hal.o
    0x08001690   0x08001690   0x00000022   Code   RO         1240    i.HAL_InitTick      stm32f0xx_hal.o
    0x080016b2   0x080016b2   0x00000002   PAD
    0x080016b4   0x080016b4   0x00000038   Code   RO         2420    i.HAL_MspInit       stm32f0xx_hal_msp.o
    0x080016ec   0x080016ec   0x00000014   Code   RO         1788    i.HAL_NVIC_EnableIRQ  stm32f0xx_hal_cortex.o
    0x08001700   0x08001700   0x00000008   Code   RO         1792    i.HAL_NVIC_SetPriority  stm32f0xx_hal_cortex.o
    0x08001708   0x08001708   0x00000120   Code   RO          827    i.HAL_RCCEx_PeriphCLKConfig  stm32f0xx_hal_rcc_ex.o
    0x08001828   0x08001828   0x00000154   Code   RO         1015    i.HAL_RCC_ClockConfig  stm32f0xx_hal_rcc.o
    0x0800197c   0x0800197c   0x0000000c   Code   RO         1020    i.HAL_RCC_GetHCLKFreq  stm32f0xx_hal_rcc.o
    0x08001988   0x08001988   0x00000020   Code   RO         1022    i.HAL_RCC_GetPCLK1Freq  stm32f0xx_hal_rcc.o
    0x080019a8   0x080019a8   0x00000088   Code   RO         1023    i.HAL_RCC_GetSysClockFreq  stm32f0xx_hal_rcc.o
    0x08001a30   0x08001a30   0x000003d8   Code   RO         1026    i.HAL_RCC_OscConfig  stm32f0xx_hal_rcc.o
    0x08001e08   0x08001e08   0x000000b8   Code   RO          504    i.HAL_SPI_Init      stm32f0xx_hal_spi.o
    0x08001ec0   0x08001ec0   0x0000005c   Code   RO         2422    i.HAL_SPI_MspInit   stm32f0xx_hal_msp.o
    0x08001f1c   0x08001f1c   0x00000170   Code   RO          512    i.HAL_SPI_Transmit  stm32f0xx_hal_spi.o
    0x0800208c   0x0800208c   0x00000248   Code   RO          513    i.HAL_SPI_TransmitReceive  stm32f0xx_hal_spi.o
    0x080022d4   0x080022d4   0x00000018   Code   RO         1794    i.HAL_SYSTICK_CLKSourceConfig  stm32f0xx_hal_cortex.o
    0x080022ec   0x080022ec   0x00000002   Code   RO         1795    i.HAL_SYSTICK_Callback  stm32f0xx_hal_cortex.o
    0x080022ee   0x080022ee   0x00000002   PAD
    0x080022f0   0x080022f0   0x00000030   Code   RO         1796    i.HAL_SYSTICK_Config  stm32f0xx_hal_cortex.o
    0x08002320   0x08002320   0x00000008   Code   RO         1797    i.HAL_SYSTICK_IRQHandler  stm32f0xx_hal_cortex.o
    0x08002328   0x08002328   0x00000002   Code   RO         2225    i.HAL_UARTEx_WakeupCallback  stm32f0xx_hal_uart_ex.o
    0x0800232a   0x0800232a   0x00000002   Code   RO         1900    i.HAL_UART_ErrorCallback  stm32f0xx_hal_uart.o
    0x0800232c   0x0800232c   0x00000134   Code   RO         1903    i.HAL_UART_IRQHandler  stm32f0xx_hal_uart.o
    0x08002460   0x08002460   0x0000006c   Code   RO         1904    i.HAL_UART_Init     stm32f0xx_hal_uart.o
    0x080024cc   0x080024cc   0x00000058   Code   RO         2424    i.HAL_UART_MspInit  stm32f0xx_hal_msp.o
    0x08002524   0x08002524   0x000000a0   Code   RO         1909    i.HAL_UART_Receive_IT  stm32f0xx_hal_uart.o
    0x080025c4   0x080025c4   0x00000034   Code   RO         2288    i.HAL_UART_RxCpltCallback  main.o
    0x080025f8   0x080025f8   0x000000c8   Code   RO         1912    i.HAL_UART_Transmit  stm32f0xx_hal_uart.o
    0x080026c0   0x080026c0   0x00000002   Code   RO         1915    i.HAL_UART_TxCpltCallback  stm32f0xx_hal_uart.o
    0x080026c2   0x080026c2   0x00000002   PAD
    0x080026c4   0x080026c4   0x0000013c   Code   RO         2289    i.MX_GPIO_Init      main.o
    0x08002800   0x08002800   0x00000048   Code   RO         2290    i.MX_SPI1_Init      main.o
    0x08002848   0x08002848   0x00000038   Code   RO         2291    i.MX_USART1_UART_Init  main.o
    0x08002880   0x08002880   0x00000044   Code   RO         1798    i.NVIC_SetPriority  stm32f0xx_hal_cortex.o
    0x080028c4   0x080028c4   0x0000004c   Code   RO          542    i.SPI_EndRxTxTransaction  stm32f0xx_hal_spi.o
    0x08002910   0x08002910   0x00000096   Code   RO          547    i.SPI_WaitFifoStateUntilTimeout  stm32f0xx_hal_spi.o
    0x080029a6   0x080029a6   0x0000008c   Code   RO          548    i.SPI_WaitFlagStateUntilTimeout  stm32f0xx_hal_spi.o
    0x08002a32   0x08002a32   0x0000000c   Code   RO         2380    i.SysTick_Handler   stm32f0xx_it.o
    0x08002a3e   0x08002a3e   0x00000078   Code   RO         2292    i.SystemClock_Config  main.o
    0x08002ab6   0x08002ab6   0x00000002   PAD
    0x08002ab8   0x08002ab8   0x0000005c   Code   RO            4    i.SystemInit        system_stm32f0xx.o
    0x08002b14   0x08002b14   0x000000ca   Code   RO         1917    i.UART_AdvFeatureConfig  stm32f0xx_hal_uart.o
    0x08002bde   0x08002bde   0x00000002   PAD
    0x08002be0   0x08002be0   0x00000074   Code   RO         1918    i.UART_CheckIdleState  stm32f0xx_hal_uart.o
    0x08002c54   0x08002c54   0x00000014   Code   RO         1919    i.UART_DMAAbortOnError  stm32f0xx_hal_uart.o
    0x08002c68   0x08002c68   0x0000001e   Code   RO         1929    i.UART_EndRxTransfer  stm32f0xx_hal_uart.o
    0x08002c86   0x08002c86   0x0000001a   Code   RO         1930    i.UART_EndTransmit_IT  stm32f0xx_hal_uart.o
    0x08002ca0   0x08002ca0   0x0000007a   Code   RO         1932    i.UART_Receive_IT   stm32f0xx_hal_uart.o
    0x08002d1a   0x08002d1a   0x00000002   PAD
    0x08002d1c   0x08002d1c   0x0000015c   Code   RO         1933    i.UART_SetConfig    stm32f0xx_hal_uart.o
    0x08002e78   0x08002e78   0x00000066   Code   RO         1934    i.UART_Transmit_IT  stm32f0xx_hal_uart.o
    0x08002ede   0x08002ede   0x00000062   Code   RO         1935    i.UART_WaitOnFlagUntilTimeout  stm32f0xx_hal_uart.o
    0x08002f40   0x08002f40   0x00000010   Code   RO         2381    i.USART1_IRQHandler  stm32f0xx_it.o
    0x08002f50   0x08002f50   0x00000020   Code   RO         2980    i.__0printf         mc_p.l(printfa.o)
    0x08002f70   0x08002f70   0x00000028   Code   RO         2982    i.__0sprintf        mc_p.l(printfa.o)
    0x08002f98   0x08002f98   0x0000002e   Code   RO         3121    i.__ARM_clz         mf_p.l(depilogue.o)
    0x08002fc6   0x08002fc6   0x0000001a   Code   RO          993    i.__ARM_common_switch8  stm32f0xx_hal_dma.o
    0x08002fe0   0x08002fe0   0x0000002c   Code   RO         3082    i.__ARM_fpclassify  m_ps.l(fpclassify.o)
    0x0800300c   0x0800300c   0x000000ac   Code   RO         3084    i.__kernel_poly     m_ps.l(poly.o)
    0x080030b8   0x080030b8   0x00000014   Code   RO         3068    i.__mathlib_dbl_divzero  m_ps.l(dunder.o)
    0x080030cc   0x080030cc   0x00000008   Code   RO         3070    i.__mathlib_dbl_infnan2  m_ps.l(dunder.o)
    0x080030d4   0x080030d4   0x00000010   Code   RO         3071    i.__mathlib_dbl_invalid  m_ps.l(dunder.o)
    0x080030e4   0x080030e4   0x00000014   Code   RO         3072    i.__mathlib_dbl_overflow  m_ps.l(dunder.o)
    0x080030f8   0x080030f8   0x00000014   Code   RO         3074    i.__mathlib_dbl_underflow  m_ps.l(dunder.o)
    0x0800310c   0x0800310c   0x0000000e   Code   RO         3135    i.__scatterload_copy  mc_p.l(handlers.o)
    0x0800311a   0x0800311a   0x00000002   Code   RO         3136    i.__scatterload_null  mc_p.l(handlers.o)
    0x0800311c   0x0800311c   0x0000000e   Code   RO         3137    i.__scatterload_zeroinit  mc_p.l(handlers.o)
    0x0800312a   0x0800312a   0x00000002   PAD
    0x0800312c   0x0800312c   0x0000000c   Code   RO         3111    i.__set_errno       mc_p.l(errno.o)
    0x08003138   0x08003138   0x00000174   Code   RO         2987    i._fp_digits        mc_p.l(printfa.o)
    0x080032ac   0x080032ac   0x000006ec   Code   RO         2988    i._printf_core      mc_p.l(printfa.o)
    0x08003998   0x08003998   0x00000020   Code   RO         2989    i._printf_post_padding  mc_p.l(printfa.o)
    0x080039b8   0x080039b8   0x0000002c   Code   RO         2990    i._printf_pre_padding  mc_p.l(printfa.o)
    0x080039e4   0x080039e4   0x0000000a   Code   RO         2992    i._sputc            mc_p.l(printfa.o)
    0x080039ee   0x080039ee   0x00000016   Code   RO         2565    i.atomic_inc32      eventrecorder.o
    0x08003a04   0x08003a04   0x0000004c   Code   RO         2665    i.fputc             retarget_io.o
    0x08003a50   0x08003a50   0x00000054   Code   RO         3008    i.free              mc_p.l(malloc.o)
    0x08003aa4   0x08003aa4   0x00000030   Code   RO         2472    i.idle              dwm1000.o
    0x08003ad4   0x08003ad4   0x00000588   Code   RO         2294    i.main              main.o
    0x0800405c   0x0800405c   0x0000006c   Code   RO         3009    i.malloc            mc_p.l(malloc.o)
    0x080040c8   0x080040c8   0x000009fc   Code   RO         2709    i.pow               m_ps.l(pow.o)
    0x08004ac4   0x08004ac4   0x00000022   Code   RO         2473    i.setBit            dwm1000.o
    0x08004ae6   0x08004ae6   0x00000002   PAD
    0x08004ae8   0x08004ae8   0x00000048   Code   RO         2719    i.sqrt              m_ps.l(sqrt.o)
    0x08004b30   0x08004b30   0x00000760   Code   RO         2295    i.trilateration2D   main.o
    0x08005290   0x08005290   0x00000010   Data   RO            5    .constdata          system_stm32f0xx.o
    0x080052a0   0x080052a0   0x00000008   Data   RO            6    .constdata          system_stm32f0xx.o
    0x080052a8   0x080052a8   0x00000018   Data   RO         2566    .constdata          eventrecorder.o
    0x080052c0   0x080052c0   0x00000088   Data   RO         2710    .constdata          m_ps.l(pow.o)
    0x08005348   0x08005348   0x00000008   Data   RO         3086    .constdata          m_ps.l(qnan.o)
    0x08005350   0x08005350   0x00000020   Data   RO         3133    Region$$Table       anon$$obj.o


    Execution Region RW_IRAM1 (Exec base: 0x20000000, Load base: 0x08005370, Size: 0x00000e28, Max: 0x00004000, ABSOLUTE)

    Exec Addr    Load Addr    Size         Type   Attr      Idx    E Section Name        Object

    0x20000000   0x08005370   0x00000004   Data   RW            7    .data               system_stm32f0xx.o
    0x20000004   0x08005374   0x00000004   Data   RW         1245    .data               stm32f0xx_hal.o
    0x20000008   0x08005378   0x000000a0   Data   RW         2298    .data               main.o
    0x200000a8   0x08005418   0x0000000c   Data   RW         2474    .data               dwm1000.o
    0x200000b4   0x08005424   0x0000000c   Data   RW         2666    .data               retarget_io.o
    0x200000c0   0x08005430   0x00000004   Data   RW         2733    .data               mc_p.l(stdout.o)
    0x200000c4   0x08005434   0x00000004   Data   RW         3107    .data               mc_p.l(mvars.o)
    0x200000c8   0x08005438   0x00000004   Data   RW         3108    .data               mc_p.l(mvars.o)
    0x200000cc   0x0800543c   0x00000004   Data   RW         3112    .data               mc_p.l(errno.o)
    0x200000d0        -       0x00000244   Zero   RW         2296    .bss                main.o
    0x20000314   0x08005440   0x0000002c   PAD
    0x20000340        -       0x000004e4   Zero   RW         2567    .noinit             eventrecorder.o
    0x20000824   0x08005440   0x00000004   PAD
    0x20000828        -       0x00000200   Zero   RW         2279    HEAP                startup_stm32f072xb.o
    0x20000a28        -       0x00000400   Zero   RW         2278    STACK               startup_stm32f072xb.o


==============================================================================

Image component sizes


      Code (inc. data)   RO Data    RW Data    ZI Data      Debug   Object Name

      1330         78          0         12          0       8263   dwm1000.o
       938         74         24          0       1252      13555   eventrecorder.o
      4100        238          0        160        580      10292   main.o
        76         14          0         12          0       1424   retarget_io.o
        28          8        192          0       1536        612   startup_stm32f072xb.o
       122         18          0          4          0       3707   stm32f0xx_hal.o
       178         28          0          0          0      10623   stm32f0xx_hal_cortex.o
        98          0          0          0          0       1195   stm32f0xx_hal_dma.o
       388         36          0          0          0       3468   stm32f0xx_hal_gpio.o
       236         26          0          0          0       2155   stm32f0xx_hal_msp.o
      1504        102          0          0          0       5245   stm32f0xx_hal_rcc.o
       288         14          0          0          0       1532   stm32f0xx_hal_rcc_ex.o
      1502          0          0          0          0       7244   stm32f0xx_hal_spi.o
      1844         56          0          0          0      12195   stm32f0xx_hal_uart.o
         2          0          0          0          0       1008   stm32f0xx_hal_uart_ex.o
        62         10          0          0          0       1844   stm32f0xx_it.o
        92         16         24          4          0     468759   system_stm32f0xx.o

    ----------------------------------------------------------------------
     12804        718        272        192       3416     553121   Object Totals
         0          0         32          0          0          0   (incl. Generated)
        16          0          0          0         48          0   (incl. Padding)

    ----------------------------------------------------------------------

      Code (inc. data)   RO Data    RW Data    ZI Data      Debug   Library Member Name

        84         14          0          0          0        340   dunder.o
        44          4          0          0          0         60   fpclassify.o
       172          0          0          0          0         76   poly.o
      2556        196        136          0          0        240   pow.o
         0          0          8          0          0          0   qnan.o
        72          6          0          0          0         76   sqrt.o
         0          0          0          0          0          0   entry.o
         0          0          0          0          0          0   entry10a.o
         0          0          0          0          0          0   entry11a.o
         8          4          0          0          0          0   entry2.o
         4          0          0          0          0          0   entry5.o
         0          0          0          0          0          0   entry7b.o
         0          0          0          0          0          0   entry8b.o
         8          4          0          0          0          0   entry9a.o
        12          6          0          4          0         60   errno.o
        30          0          0          0          0          0   handlers.o
        40          0          0          0          0         72   idiv.o
        36          8          0          0          0         68   init.o
         0          0          0          0          0          0   iusefp.o
        32          0          0          0          0         68   llshl.o
        38          0          0          0          0         68   llsshr.o
        34          0          0          0          0         68   llushr.o
       192         20          0          0          0        144   malloc.o
        36          0          0          0          0         60   memcpya.o
        36          0          0          0          0        100   memseta.o
         0          0          0          8          0          0   mvars.o
      2302        102          0          0          0        556   printfa.o
         0          0          0          4          0          0   stdout.o
        44          0          0          0          0         72   uidiv.o
        96          0          0          0          0         84   uldiv.o
        20          0          0          0          0         60   uread4.o
        40          2          0          0          0         68   cdrcmple.o
        56          0          0          0          0         68   d2f.o
       356          4          0          0          0        140   dadd.o
       240          6          0          0          0         84   ddiv.o
       236          0          0          0          0        216   depilogue.o
        72         10          0          0          0         72   dfixi.o
        64         10          0          0          0         68   dfixul.o
        40          6          0          0          0         68   dflti.o
        28          6          0          0          0         68   dfltul.o
       208          6          0          0          0         88   dmul.o
        44          0          0          0          0         72   dscalb.o
       162          0          0          0          0         80   dsqrt.o
        40          0          0          0          0         60   f2d.o
       178          0          0          0          0        108   fadd.o
       124          0          0          0          0         72   fdiv.o
       130          0          0          0          0        144   fepilogue.o
        50          0          0          0          0         60   ffixi.o
        22          0          0          0          0         68   fflti.o
       122          0          0          0          0         72   fmul.o
        24          0          0          0          0         60   fscalb.o

    ----------------------------------------------------------------------
      8140        414        144         16          0       4008   Library Totals
         8          0          0          0          0          0   (incl. Padding)

    ----------------------------------------------------------------------

      Code (inc. data)   RO Data    RW Data    ZI Data      Debug   Library Name

      2928        220        144          0          0        792   m_ps.l
      2968        144          0         16          0       1480   mc_p.l
      2236         50          0          0          0       1736   mf_p.l

    ----------------------------------------------------------------------
      8140        414        144         16          0       4008   Library Totals

    ----------------------------------------------------------------------

==============================================================================


      Code (inc. data)   RO Data    RW Data    ZI Data      Debug   

     20944       1132        416        208       3416     551641   Grand Totals
     20944       1132        416        208       3416     551641   ELF Image Totals
     20944       1132        416        208          0          0   ROM Totals

==============================================================================

    Total RO  Size (Code + RO Data)                21360 (  20.86kB)
    Total RW  Size (RW Data + ZI Data)              3624 (   3.54kB)
    Total ROM Size (Code + RO Data + RW Data)      21568 (  21.06kB)

==============================================================================

